Component: ARM Compiler 5.06 update 6 (build 750) Tool: armlink [4d35ed]

==============================================================================

Section Cross References

    main.o(i.All_Capture_IT_Start) refers to stm32h7xx_hal_tim.o(i.HAL_TIM_IC_Start_IT) for HAL_TIM_IC_Start_IT
    main.o(i.All_Capture_IT_Start) refers to stm32h7xx_hal_tim.o(i.HAL_TIM_PWM_Start) for HAL_TIM_PWM_Start
    main.o(i.All_Capture_IT_Start) refers to main.o(.bss) for .bss
    main.o(i.All_PWM_Start) refers to stm32h7xx_hal_tim.o(i.HAL_TIM_PWM_Start) for HAL_TIM_PWM_Start
    main.o(i.All_PWM_Start) refers to main.o(.bss) for .bss
    main.o(i.Angle) refers to main.o(i.User_PWM_SetValue) for User_PWM_SetValue
    main.o(i.Angle) refers to main.o(.bss) for .bss
    main.o(i.FDCAN1_Receive_Msg) refers to stm32h7xx_hal_fdcan.o(i.HAL_FDCAN_GetRxMessage) for HAL_FDCAN_GetRxMessage
    main.o(i.FDCAN1_Receive_Msg) refers to main.o(.bss) for .bss
    main.o(i.Get_Adc) refers to stm32h7xx_hal_adc.o(i.HAL_ADC_ConfigChannel) for HAL_ADC_ConfigChannel
    main.o(i.Get_Adc) refers to stm32h7xx_hal_adc.o(i.HAL_ADC_Start) for HAL_ADC_Start
    main.o(i.Get_Adc) refers to stm32h7xx_hal_adc.o(i.HAL_ADC_PollForConversion) for HAL_ADC_PollForConversion
    main.o(i.Get_Adc) refers to stm32h7xx_hal_adc.o(i.HAL_ADC_GetValue) for HAL_ADC_GetValue
    main.o(i.Get_Adc_Average) refers to main.o(i.Get_Adc) for Get_Adc
    main.o(i.Get_Adc_Average) refers to stm32h7xx_hal.o(i.HAL_Delay) for HAL_Delay
    main.o(i.HAL_TIM_IC_CaptureCallback) refers to stm32h7xx_hal_tim.o(i.HAL_TIM_ReadCapturedValue) for HAL_TIM_ReadCapturedValue
    main.o(i.HAL_TIM_IC_CaptureCallback) refers to stm32h7xx_hal_tim.o(i.HAL_TIM_IC_Start_IT) for HAL_TIM_IC_Start_IT
    main.o(i.HAL_TIM_IC_CaptureCallback) refers to main.o(.data) for .data
    main.o(i.HAL_TIM_IC_CaptureCallback) refers to main.o(.bss) for .bss
    main.o(i.HAL_UART_RxCpltCallback) refers to stm32h7xx_hal_gpio.o(i.HAL_GPIO_WritePin) for HAL_GPIO_WritePin
    main.o(i.HAL_UART_RxCpltCallback) refers to stm32h7xx_hal_uart.o(i.HAL_UART_Transmit) for HAL_UART_Transmit
    main.o(i.HAL_UART_RxCpltCallback) refers to main.o(.data) for .data
    main.o(i.HAL_UART_RxCpltCallback) refers to main.o(.bss) for .bss
    main.o(i.InitRobotPosion) refers to main.o(i.Angle) for Angle
    main.o(i.InitRobotPosion) refers to main.o(.bss) for .bss
    main.o(i.MX_ADC1_Init) refers to memseta.o(.text) for __aeabi_memclr4
    main.o(i.MX_ADC1_Init) refers to stm32h7xx_hal_adc.o(i.HAL_ADC_Init) for HAL_ADC_Init
    main.o(i.MX_ADC1_Init) refers to stm32h7xx_hal_adc_ex.o(i.HAL_ADCEx_MultiModeConfigChannel) for HAL_ADCEx_MultiModeConfigChannel
    main.o(i.MX_ADC1_Init) refers to stm32h7xx_hal_adc.o(i.HAL_ADC_ConfigChannel) for HAL_ADC_ConfigChannel
    main.o(i.MX_ADC1_Init) refers to main.o(.bss) for .bss
    main.o(i.MX_ADC3_Init) refers to memseta.o(.text) for __aeabi_memclr4
    main.o(i.MX_ADC3_Init) refers to stm32h7xx_hal_adc.o(i.HAL_ADC_Init) for HAL_ADC_Init
    main.o(i.MX_ADC3_Init) refers to stm32h7xx_hal_adc.o(i.HAL_ADC_ConfigChannel) for HAL_ADC_ConfigChannel
    main.o(i.MX_ADC3_Init) refers to main.o(.bss) for .bss
    main.o(i.MX_FDCAN1_Init) refers to stm32h7xx_hal_fdcan.o(i.HAL_FDCAN_Init) for HAL_FDCAN_Init
    main.o(i.MX_FDCAN1_Init) refers to main.o(.bss) for .bss
    main.o(i.MX_GPIO_Init) refers to memseta.o(.text) for __aeabi_memclr4
    main.o(i.MX_GPIO_Init) refers to stm32h7xx_hal_gpio.o(i.HAL_GPIO_WritePin) for HAL_GPIO_WritePin
    main.o(i.MX_GPIO_Init) refers to stm32h7xx_hal_gpio.o(i.HAL_GPIO_Init) for HAL_GPIO_Init
    main.o(i.MX_I2C1_Init) refers to stm32h7xx_hal_i2c.o(i.HAL_I2C_Init) for HAL_I2C_Init
    main.o(i.MX_I2C1_Init) refers to stm32h7xx_hal_i2c_ex.o(i.HAL_I2CEx_ConfigAnalogFilter) for HAL_I2CEx_ConfigAnalogFilter
    main.o(i.MX_I2C1_Init) refers to stm32h7xx_hal_i2c_ex.o(i.HAL_I2CEx_ConfigDigitalFilter) for HAL_I2CEx_ConfigDigitalFilter
    main.o(i.MX_I2C1_Init) refers to main.o(.bss) for .bss
    main.o(i.MX_TIM12_Init) refers to memseta.o(.text) for __aeabi_memclr4
    main.o(i.MX_TIM12_Init) refers to stm32h7xx_hal_tim.o(i.HAL_TIM_Base_Init) for HAL_TIM_Base_Init
    main.o(i.MX_TIM12_Init) refers to stm32h7xx_hal_tim.o(i.HAL_TIM_ConfigClockSource) for HAL_TIM_ConfigClockSource
    main.o(i.MX_TIM12_Init) refers to stm32h7xx_hal_tim.o(i.HAL_TIM_PWM_Init) for HAL_TIM_PWM_Init
    main.o(i.MX_TIM12_Init) refers to stm32h7xx_hal_tim.o(i.HAL_TIM_PWM_ConfigChannel) for HAL_TIM_PWM_ConfigChannel
    main.o(i.MX_TIM12_Init) refers to stm32h7xx_hal_msp.o(i.HAL_TIM_MspPostInit) for HAL_TIM_MspPostInit
    main.o(i.MX_TIM12_Init) refers to main.o(.bss) for .bss
    main.o(i.MX_TIM15_Init) refers to memseta.o(.text) for __aeabi_memclr4
    main.o(i.MX_TIM15_Init) refers to stm32h7xx_hal_tim.o(i.HAL_TIM_Base_Init) for HAL_TIM_Base_Init
    main.o(i.MX_TIM15_Init) refers to stm32h7xx_hal_tim.o(i.HAL_TIM_ConfigClockSource) for HAL_TIM_ConfigClockSource
[...]
    i.HAL_PWREx_ConfigSupply                 0x080019b4   Section        0  stm32h7xx_hal_pwr_ex.o(i.HAL_PWREx_ConfigSupply)
    i.HAL_RCCEx_GetD1SysClockFreq            0x08001a04   Section        0  stm32h7xx_hal_rcc_ex.o(i.HAL_RCCEx_GetD1SysClockFreq)
    i.HAL_RCCEx_GetD3PCLK1Freq               0x08001a30   Section        0  stm32h7xx_hal_rcc_ex.o(i.HAL_RCCEx_GetD3PCLK1Freq)
    i.HAL_RCCEx_GetPLL1ClockFreq             0x08001a54   Section        0  stm32h7xx_hal_rcc_ex.o(i.HAL_RCCEx_GetPLL1ClockFreq)
    i.HAL_RCCEx_GetPLL2ClockFreq             0x08001b90   Section        0  stm32h7xx_hal_rcc_ex.o(i.HAL_RCCEx_GetPLL2ClockFreq)
    i.HAL_RCCEx_GetPLL3ClockFreq             0x08001ccc   Section        0  stm32h7xx_hal_rcc_ex.o(i.HAL_RCCEx_GetPLL3ClockFreq)
    i.HAL_RCCEx_GetPeriphCLKFreq             0x08001e08   Section        0  stm32h7xx_hal_rcc_ex.o(i.HAL_RCCEx_GetPeriphCLKFreq)
    i.HAL_RCCEx_PeriphCLKConfig              0x08001fa0   Section        0  stm32h7xx_hal_rcc_ex.o(i.HAL_RCCEx_PeriphCLKConfig)
    i.HAL_RCC_ClockConfig                    0x0800285c   Section        0  stm32h7xx_hal_rcc.o(i.HAL_RCC_ClockConfig)
    i.HAL_RCC_GetHCLKFreq                    0x08002ab4   Section        0  stm32h7xx_hal_rcc.o(i.HAL_RCC_GetHCLKFreq)
    i.HAL_RCC_GetPCLK1Freq                   0x08002ae0   Section        0  stm32h7xx_hal_rcc.o(i.HAL_RCC_GetPCLK1Freq)
    i.HAL_RCC_GetPCLK2Freq                   0x08002b04   Section        0  stm32h7xx_hal_rcc.o(i.HAL_RCC_GetPCLK2Freq)
    i.HAL_RCC_GetSysClockFreq                0x08002b28   Section        0  stm32h7xx_hal_rcc.o(i.HAL_RCC_GetSysClockFreq)
    i.HAL_RCC_OscConfig                      0x08002c58   Section        0  stm32h7xx_hal_rcc.o(i.HAL_RCC_OscConfig)
    i.HAL_SYSCFG_AnalogSwitchConfig          0x080030f0   Section        0  stm32h7xx_hal.o(i.HAL_SYSCFG_AnalogSwitchConfig)
    i.HAL_SYSTICK_Config                     0x08003100   Section        0  stm32h7xx_hal_cortex.o(i.HAL_SYSTICK_Config)
    i.HAL_TIMEx_Break2Callback               0x08003128   Section        0  stm32h7xx_hal_tim_ex.o(i.HAL_TIMEx_Break2Callback)
    i.HAL_TIMEx_BreakCallback                0x0800312a   Section        0  stm32h7xx_hal_tim_ex.o(i.HAL_TIMEx_BreakCallback)
    i.HAL_TIMEx_CommutCallback               0x0800312c   Section        0  stm32h7xx_hal_tim_ex.o(i.HAL_TIMEx_CommutCallback)
    i.HAL_TIMEx_ConfigBreakDeadTime          0x08003130   Section        0  stm32h7xx_hal_tim_ex.o(i.HAL_TIMEx_ConfigBreakDeadTime)
    i.HAL_TIMEx_MasterConfigSynchronization  0x080031bc   Section        0  stm32h7xx_hal_tim_ex.o(i.HAL_TIMEx_MasterConfigSynchronization)
    i.HAL_TIM_Base_Init                      0x0800321c   Section        0  stm32h7xx_hal_tim.o(i.HAL_TIM_Base_Init)
    i.HAL_TIM_Base_MspInit                   0x08003254   Section        0  stm32h7xx_hal_msp.o(i.HAL_TIM_Base_MspInit)
    i.HAL_TIM_ConfigClockSource              0x0800338c   Section        0  stm32h7xx_hal_tim.o(i.HAL_TIM_ConfigClockSource)
    i.HAL_TIM_IC_CaptureCallback             0x08003484   Section        0  main.o(i.HAL_TIM_IC_CaptureCallback)
    i.HAL_TIM_IC_ConfigChannel               0x08003774   Section        0  stm32h7xx_hal_tim.o(i.HAL_TIM_IC_ConfigChannel)
    i.HAL_TIM_IC_Init                        0x08003890   Section        0  stm32h7xx_hal_tim.o(i.HAL_TIM_IC_Init)
    i.HAL_TIM_IC_MspInit                     0x080038c6   Section        0  stm32h7xx_hal_tim.o(i.HAL_TIM_IC_MspInit)
    i.HAL_TIM_IC_Start_IT                    0x080038c8   Section        0  stm32h7xx_hal_tim.o(i.HAL_TIM_IC_Start_IT)
    i.HAL_TIM_IRQHandler                     0x08003928   Section        0  stm32h7xx_hal_tim.o(i.HAL_TIM_IRQHandler)
    i.HAL_TIM_MspPostInit                    0x08003aac   Section        0  stm32h7xx_hal_msp.o(i.HAL_TIM_MspPostInit)
    i.HAL_TIM_OC_DelayElapsedCallback        0x08003b98   Section        0  stm32h7xx_hal_tim.o(i.HAL_TIM_OC_DelayElapsedCallback)
    i.HAL_TIM_PWM_ConfigChannel              0x08003b9a   Section        0  stm32h7xx_hal_tim.o(i.HAL_TIM_PWM_ConfigChannel)
    i.HAL_TIM_PWM_Init                       0x08003cc2   Section        0  stm32h7xx_hal_tim.o(i.HAL_TIM_PWM_Init)
    i.HAL_TIM_PWM_MspInit                    0x08003cf8   Section        0  stm32h7xx_hal_tim.o(i.HAL_TIM_PWM_MspInit)
    i.HAL_TIM_PWM_PulseFinishedCallback      0x08003cfa   Section        0  stm32h7xx_hal_tim.o(i.HAL_TIM_PWM_PulseFinishedCallback)
    i.HAL_TIM_PWM_Start                      0x08003cfc   Section        0  stm32h7xx_hal_tim.o(i.HAL_TIM_PWM_Start)
    i.HAL_TIM_PeriodElapsedCallback          0x08003d68   Section        0  stm32h7xx_hal_tim.o(i.HAL_TIM_PeriodElapsedCallback)
    i.HAL_TIM_ReadCapturedValue              0x08003d6a   Section        0  stm32h7xx_hal_tim.o(i.HAL_TIM_ReadCapturedValue)
    i.HAL_TIM_TriggerCallback                0x08003d94   Section        0  stm32h7xx_hal_tim.o(i.HAL_TIM_TriggerCallback)
    i.HAL_UARTEx_DisableFifoMode             0x08003d96   Section        0  stm32h7xx_hal_uart_ex.o(i.HAL_UARTEx_DisableFifoMode)
    i.HAL_UARTEx_RxFifoFullCallback          0x08003dd4   Section        0  stm32h7xx_hal_uart_ex.o(i.HAL_UARTEx_RxFifoFullCallback)
    i.HAL_UARTEx_SetRxFifoThreshold          0x08003dd6   Section        0  stm32h7xx_hal_uart_ex.o(i.HAL_UARTEx_SetRxFifoThreshold)
    i.HAL_UARTEx_SetTxFifoThreshold          0x08003e22   Section        0  stm32h7xx_hal_uart_ex.o(i.HAL_UARTEx_SetTxFifoThreshold)
    i.HAL_UARTEx_TxFifoEmptyCallback         0x08003e6e   Section        0  stm32h7xx_hal_uart_ex.o(i.HAL_UARTEx_TxFifoEmptyCallback)
    i.HAL_UARTEx_WakeupCallback              0x08003e70   Section        0  stm32h7xx_hal_uart_ex.o(i.HAL_UARTEx_WakeupCallback)
    i.HAL_UART_ErrorCallback                 0x08003e72   Section        0  stm32h7xx_hal_uart.o(i.HAL_UART_ErrorCallback)
    i.HAL_UART_GetState                      0x08003e74   Section        0  stm32h7xx_hal_uart.o(i.HAL_UART_GetState)
    i.HAL_UART_IRQHandler                    0x08003e80   Section        0  stm32h7xx_hal_uart.o(i.HAL_UART_IRQHandler)
    i.HAL_UART_Init                          0x08004044   Section        0  stm32h7xx_hal_uart.o(i.HAL_UART_Init)
    i.HAL_UART_MspInit                       0x080040b0   Section        0  stm32h7xx_hal_msp.o(i.HAL_UART_MspInit)
    i.HAL_UART_Receive_IT                    0x08004178   Section        0  stm32h7xx_hal_uart.o(i.HAL_UART_Receive_IT)
    i.HAL_UART_RxCpltCallback                0x08004274   Section        0  main.o(i.HAL_UART_RxCpltCallback)
    i.HAL_UART_Transmit                      0x0800436c   Section        0  stm32h7xx_hal_uart.o(i.HAL_UART_Transmit)
    i.HAL_UART_TxCpltCallback                0x08004428   Section        0  stm32h7xx_hal_uart.o(i.HAL_UART_TxCpltCallback)
    i.HardFault_Handler                      0x0800442a   Section        0  stm32h7xx_it.o(i.HardFault_Handler)
    i.InitRobotPosion                        0x0800442c   Section        0  main.o(i.InitRobotPosion)
    i.LL_ADC_INJ_IsConversionOngoing         0x080044b0   Section        0  stm32h7xx_hal_adc.o(i.LL_ADC_INJ_IsConversionOngoing)
    LL_ADC_INJ_IsConversionOngoing           0x080044b1   Thumb Code     8  stm32h7xx_hal_adc.o(i.LL_ADC_INJ_IsConversionOngoing)
    i.LL_ADC_IsEnabled                       0x080044b8   Section        0  stm32h7xx_hal_adc.o(i.LL_ADC_IsEnabled)
    LL_ADC_IsEnabled                         0x080044b9   Thumb Code     8  stm32h7xx_hal_adc.o(i.LL_ADC_IsEnabled)
    i.LL_ADC_REG_IsConversionOngoing         0x080044c0   Section        0  stm32h7xx_hal_adc.o(i.LL_ADC_REG_IsConversionOngoing)
    LL_ADC_REG_IsConversionOngoing           0x080044c1   Thumb Code     8  stm32h7xx_hal_adc.o(i.LL_ADC_REG_IsConversionOngoing)
    i.LL_ADC_REG_IsConversionOngoing         0x080044c8   Section        0  stm32h7xx_hal_adc_ex.o(i.LL_ADC_REG_IsConversionOngoing)
    LL_ADC_REG_IsConversionOngoing           0x080044c9   Thumb Code     8  stm32h7xx_hal_adc_ex.o(i.LL_ADC_REG_IsConversionOngoing)
    i.LL_ADC_SetChannelSamplingTime          0x080044d0   Section        0  stm32h7xx_hal_adc.o(i.LL_ADC_SetChannelSamplingTime)
    LL_ADC_SetChannelSamplingTime            0x080044d1   Thumb Code    30  stm32h7xx_hal_adc.o(i.LL_ADC_SetChannelSamplingTime)
    i.MX_ADC1_Init                           0x080044f0   Section        0  main.o(i.MX_ADC1_Init)
    MX_ADC1_Init                             0x080044f1   Thumb Code   124  main.o(i.MX_ADC1_Init)
    i.MX_ADC3_Init                           0x08004578   Section        0  main.o(i.MX_ADC3_Init)
    MX_ADC3_Init                             0x08004579   Thumb Code   102  main.o(i.MX_ADC3_Init)
    i.MX_FDCAN1_Init                         0x080045e8   Section        0  main.o(i.MX_FDCAN1_Init)
    MX_FDCAN1_Init                           0x080045e9   Thumb Code    84  main.o(i.MX_FDCAN1_Init)
    i.MX_GPIO_Init                           0x08004644   Section        0  main.o(i.MX_GPIO_Init)
    MX_GPIO_Init                             0x08004645   Thumb Code   148  main.o(i.MX_GPIO_Init)
    i.MX_I2C1_Init                           0x080046e0   Section        0  main.o(i.MX_I2C1_Init)
    MX_I2C1_Init                             0x080046e1   Thumb Code    66  main.o(i.MX_I2C1_Init)
    i.MX_TIM12_Init                          0x08004730   Section        0  main.o(i.MX_TIM12_Init)
    MX_TIM12_Init                            0x08004731   Thumb Code   114  main.o(i.MX_TIM12_Init)
    i.MX_TIM15_Init                          0x080047ac   Section        0  main.o(i.MX_TIM15_Init)
    MX_TIM15_Init                            0x080047ad   Thumb Code   198  main.o(i.MX_TIM15_Init)
    i.MX_TIM1_Init                           0x0800487c   Section        0  main.o(i.MX_TIM1_Init)
    MX_TIM1_Init                             0x0800487d   Thumb Code   236  main.o(i.MX_TIM1_Init)
    i.MX_TIM3_Init                           0x08004970   Section        0  main.o(i.MX_TIM3_Init)
    MX_TIM3_Init                             0x08004971   Thumb Code   178  main.o(i.MX_TIM3_Init)
    i.MX_TIM4_Init                           0x08004a2c   Section        0  main.o(i.MX_TIM4_Init)
    MX_TIM4_Init                             0x08004a2d   Thumb Code   206  main.o(i.MX_TIM4_Init)
    i.MX_TIM8_Init                           0x08004b04   Section        0  main.o(i.MX_TIM8_Init)
    MX_TIM8_Init                             0x08004b05   Thumb Code   178  main.o(i.MX_TIM8_Init)
    i.MX_UART4_Init                          0x08004bc0   Section        0  main.o(i.MX_UART4_Init)
    MX_UART4_Init                            0x08004bc1   Thumb Code    92  main.o(i.MX_UART4_Init)
    i.MX_USART3_UART_Init                    0x08004c28   Section        0  main.o(i.MX_USART3_UART_Init)
    MX_USART3_UART_Init                      0x08004c29   Thumb Code    92  main.o(i.MX_USART3_UART_Init)
    i.MemManage_Handler                      0x08004c90   Section        0  stm32h7xx_it.o(i.MemManage_Handler)
    i.NMI_Handler                            0x08004c92   Section        0  stm32h7xx_it.o(i.NMI_Handler)
    i.PendSV_Handler                         0x08004c94   Section        0  stm32h7xx_it.o(i.PendSV_Handler)
    i.RCCEx_PLL2_Config                      0x08004c98   Section        0  stm32h7xx_hal_rcc_ex.o(i.RCCEx_PLL2_Config)
    RCCEx_PLL2_Config                        0x08004c99   Thumb Code   270  stm32h7xx_hal_rcc_ex.o(i.RCCEx_PLL2_Config)
    i.RCCEx_PLL3_Config                      0x08004dac   Section        0  stm32h7xx_hal_rcc_ex.o(i.RCCEx_PLL3_Config)
    RCCEx_PLL3_Config                        0x08004dad   Thumb Code   270  stm32h7xx_hal_rcc_ex.o(i.RCCEx_PLL3_Config)
    i.Robot_Run_Left                         0x08004ec0   Section        0  main.o(i.Robot_Run_Left)
    i.Robot_Run_Line                         0x08004fa0   Section        0  main.o(i.Robot_Run_Line)
    i.Robot_Run_Right                        0x0800507c   Section        0  main.o(i.Robot_Run_Right)
    i.SVC_Handler                            0x0800515c   Section        0  stm32h7xx_it.o(i.SVC_Handler)
    i.Set_All_PWM_Pulse                      0x08005160   Section        0  main.o(i.Set_All_PWM_Pulse)
    i.StartAngleInit                         0x08005204   Section        0  main.o(i.StartAngleInit)
    i.SysTick_Handler                        0x08005280   Section        0  stm32h7xx_it.o(i.SysTick_Handler)
    i.SystemClock_Config                     0x08005284   Section        0  main.o(i.SystemClock_Config)
    i.SystemInit                             0x0800536c   Section        0  system_stm32h7xx.o(i.SystemInit)
    i.TIM4_IRQHandler                        0x080053f0   Section        0  stm32h7xx_it.o(i.TIM4_IRQHandler)
    i.TIM8_CC_IRQHandler                     0x080053fc   Section        0  stm32h7xx_it.o(i.TIM8_CC_IRQHandler)
    i.TIM_Base_SetConfig                     0x08005408   Section        0  stm32h7xx_hal_tim.o(i.TIM_Base_SetConfig)
    i.TIM_CCxChannelCmd                      0x080054c8   Section        0  stm32h7xx_hal_tim.o(i.TIM_CCxChannelCmd)
    i.TIM_ETR_SetConfig                      0x080054e2   Section        0  stm32h7xx_hal_tim.o(i.TIM_ETR_SetConfig)
    i.TIM_ITRx_SetConfig                     0x080054f8   Section        0  stm32h7xx_hal_tim.o(i.TIM_ITRx_SetConfig)
    TIM_ITRx_SetConfig                       0x080054f9   Thumb Code    16  stm32h7xx_hal_tim.o(i.TIM_ITRx_SetConfig)
    i.TIM_OC1_SetConfig                      0x0800550c   Section        0  stm32h7xx_hal_tim.o(i.TIM_OC1_SetConfig)
    TIM_OC1_SetConfig                        0x0800550d   Thumb Code   132  stm32h7xx_hal_tim.o(i.TIM_OC1_SetConfig)
    i.TIM_OC2_SetConfig                      0x080055a8   Section        0  stm32h7xx_hal_tim.o(i.TIM_OC2_SetConfig)
    i.TIM_OC3_SetConfig                      0x08005638   Section        0  stm32h7xx_hal_tim.o(i.TIM_OC3_SetConfig)
    TIM_OC3_SetConfig                        0x08005639   Thumb Code   114  stm32h7xx_hal_tim.o(i.TIM_OC3_SetConfig)
    i.TIM_OC4_SetConfig                      0x080056c0   Section        0  stm32h7xx_hal_tim.o(i.TIM_OC4_SetConfig)
    TIM_OC4_SetConfig                        0x080056c1   Thumb Code    88  stm32h7xx_hal_tim.o(i.TIM_OC4_SetConfig)
    i.TIM_OC5_SetConfig                      0x0800572c   Section        0  stm32h7xx_hal_tim.o(i.TIM_OC5_SetConfig)
    TIM_OC5_SetConfig                        0x0800572d   Thumb Code    86  stm32h7xx_hal_tim.o(i.TIM_OC5_SetConfig)
    i.TIM_OC6_SetConfig                      0x08005798   Section        0  stm32h7xx_hal_tim.o(i.TIM_OC6_SetConfig)
    TIM_OC6_SetConfig                        0x08005799   Thumb Code    88  stm32h7xx_hal_tim.o(i.TIM_OC6_SetConfig)
    i.TIM_TI1_ConfigInputStage               0x08005804   Section        0  stm32h7xx_hal_tim.o(i.TIM_TI1_ConfigInputStage)
    TIM_TI1_ConfigInputStage                 0x08005805   Thumb Code    34  stm32h7xx_hal_tim.o(i.TIM_TI1_ConfigInputStage)
    i.TIM_TI1_SetConfig                      0x08005828   Section        0  stm32h7xx_hal_tim.o(i.TIM_TI1_SetConfig)
    i.TIM_TI2_ConfigInputStage               0x080058a8   Section        0  stm32h7xx_hal_tim.o(i.TIM_TI2_ConfigInputStage)
    TIM_TI2_ConfigInputStage                 0x080058a9   Thumb Code    36  stm32h7xx_hal_tim.o(i.TIM_TI2_ConfigInputStage)
    i.TIM_TI2_SetConfig                      0x080058cc   Section        0  stm32h7xx_hal_tim.o(i.TIM_TI2_SetConfig)
    TIM_TI2_SetConfig                        0x080058cd   Thumb Code    54  stm32h7xx_hal_tim.o(i.TIM_TI2_SetConfig)
    i.UART4_IRQHandler                       0x08005904   Section        0  stm32h7xx_it.o(i.UART4_IRQHandler)
    i.UARTEx_SetNbDataToProcess              0x08005950   Section        0  stm32h7xx_hal_uart_ex.o(i.UARTEx_SetNbDataToProcess)
    UARTEx_SetNbDataToProcess                0x08005951   Thumb Code    82  stm32h7xx_hal_uart_ex.o(i.UARTEx_SetNbDataToProcess)
    i.UART_AdvFeatureConfig                  0x080059b4   Section        0  stm32h7xx_hal_uart.o(i.UART_AdvFeatureConfig)
    i.UART_CheckIdleState                    0x08005a7c   Section        0  stm32h7xx_hal_uart.o(i.UART_CheckIdleState)
    i.UART_DMAAbortOnError                   0x08005ada   Section        0  stm32h7xx_hal_uart.o(i.UART_DMAAbortOnError)
    UART_DMAAbortOnError                     0x08005adb   Thumb Code    20  stm32h7xx_hal_uart.o(i.UART_DMAAbortOnError)
    i.UART_EndRxTransfer                     0x08005af0   Section        0  stm32h7xx_hal_uart.o(i.UART_EndRxTransfer)
    UART_EndRxTransfer                       0x08005af1   Thumb Code    32  stm32h7xx_hal_uart.o(i.UART_EndRxTransfer)
    i.UART_RxISR_16BIT                       0x08005b14   Section        0  stm32h7xx_hal_uart.o(i.UART_RxISR_16BIT)
    UART_RxISR_16BIT                         0x08005b15   Thumb Code    94  stm32h7xx_hal_uart.o(i.UART_RxISR_16BIT)
    i.UART_RxISR_16BIT_FIFOEN                0x08005b74   Section        0  stm32h7xx_hal_uart.o(i.UART_RxISR_16BIT_FIFOEN)
    UART_RxISR_16BIT_FIFOEN                  0x08005b75   Thumb Code   152  stm32h7xx_hal_uart.o(i.UART_RxISR_16BIT_FIFOEN)
    i.UART_RxISR_8BIT                        0x08005c14   Section        0  stm32h7xx_hal_uart.o(i.UART_RxISR_8BIT)
    UART_RxISR_8BIT                          0x08005c15   Thumb Code    94  stm32h7xx_hal_uart.o(i.UART_RxISR_8BIT)
    i.UART_RxISR_8BIT_FIFOEN                 0x08005c74   Section        0  stm32h7xx_hal_uart.o(i.UART_RxISR_8BIT_FIFOEN)
    UART_RxISR_8BIT_FIFOEN                   0x08005c75   Thumb Code   152  stm32h7xx_hal_uart.o(i.UART_RxISR_8BIT_FIFOEN)
    i.UART_SetConfig                         0x08005d14   Section        0  stm32h7xx_hal_uart.o(i.UART_SetConfig)
    i.UART_WaitOnFlagUntilTimeout            0x0800677c   Section        0  stm32h7xx_hal_uart.o(i.UART_WaitOnFlagUntilTimeout)
    i.USART3_IRQHandler                      0x0800681c   Section        0  stm32h7xx_it.o(i.USART3_IRQHandler)
    i.UsageFault_Handler                     0x08006868   Section        0  stm32h7xx_it.o(i.UsageFault_Handler)
    i.User_PWM_SetPulse                      0x0800686a   Section        0  main.o(i.User_PWM_SetPulse)
    i.User_PWM_SetValue                      0x08006894   Section        0  main.o(i.User_PWM_SetValue)
    i.__ARM_fpclassify                       0x080068ca   Section        0  fpclassify.o(i.__ARM_fpclassify)
    i.__NVIC_SetPriority                     0x080068fa   Section        0  stm32h7xx_hal_cortex.o(i.__NVIC_SetPriority)
    __NVIC_SetPriority                       0x080068fb   Thumb Code    32  stm32h7xx_hal_cortex.o(i.__NVIC_SetPriority)
    i.__hardfp_asin                          0x08006920   Section        0  asin.o(i.__hardfp_asin)
    i.__hardfp_atan                          0x08006b28   Section        0  atan.o(i.__hardfp_atan)
    i.__hardfp_atan2                         0x08006d28   Section        0  atan2.o(i.__hardfp_atan2)
    i.__hardfp_sqrt                          0x08006ee8   Section        0  sqrt.o(i.__hardfp_sqrt)
    i.__kernel_poly                          0x08006f4e   Section        0  poly.o(i.__kernel_poly)
    i.__mathlib_dbl_infnan                   0x08006fbe   Section        0  dunder.o(i.__mathlib_dbl_infnan)
    i.__mathlib_dbl_infnan2                  0x08006fc4   Section        0  dunder.o(i.__mathlib_dbl_infnan2)
    i.__mathlib_dbl_invalid                  0x08006fd0   Section        0  dunder.o(i.__mathlib_dbl_invalid)
    i.__mathlib_dbl_underflow                0x08006fe8   Section        0  dunder.o(i.__mathlib_dbl_underflow)
    i.__scatterload_copy                     0x08007000   Section       14  handlers.o(i.__scatterload_copy)
    i.__scatterload_null                     0x0800700e   Section        2  handlers.o(i.__scatterload_null)
    i.__scatterload_zeroinit                 0x08007010   Section       14  handlers.o(i.__scatterload_zeroinit)
    i.__set_errno                            0x08007020   Section        0  errno.o(i.__set_errno)
    i.atan                                   0x0800702c   Section        0  atan.o(i.atan)
    i.fabs                                   0x0800703c   Section        0  fabs.o(i.fabs)
    i.main                                   0x08007054   Section        0  main.o(i.main)
    i.reverse                                0x080071b8   Section        0  main.o(i.reverse)
    i.reverse4                               0x08007b44   Section        0  main.o(i.reverse4)
    i.reverse4L                              0x08007f9c   Section        0  main.o(i.reverse4L)
    i.reverse4R                              0x08008610   Section        0  main.o(i.reverse4R)
    i.setcurrentposition                     0x08008c84   Section        0  main.o(i.setcurrentposition)
    i.sqrt                                   0x08008ce0   Section        0  sqrt.o(i.sqrt)
    .constdata                               0x08008d4c   Section       92  stm32h7xx_hal_fdcan.o(.constdata)
    DLCtoBytes                               0x08008d4c   Data          16  stm32h7xx_hal_fdcan.o(.constdata)
    .constdata                               0x08008da8   Section       16  system_stm32h7xx.o(.constdata)
    .constdata                               0x08008db8   Section       80  asin.o(.constdata)
    pS                                       0x08008db8   Data          48  asin.o(.constdata)
    qS                                       0x08008de8   Data          32  asin.o(.constdata)
    .constdata                               0x08008e08   Section      152  atan.o(.constdata)
    atanhi                                   0x08008e08   Data          32  atan.o(.constdata)
    atanlo                                   0x08008e28   Data          32  atan.o(.constdata)
    aTodd                                    0x08008e48   Data          40  atan.o(.constdata)
    aTeven                                   0x08008e70   Data          48  atan.o(.constdata)
    .constdata                               0x08008ea0   Section        8  qnan.o(.constdata)
    .data                                    0x20000000   Section      224  main.o(.data)
    .data                                    0x200000e0   Section       12  stm32h7xx_hal.o(.data)
    .data                                    0x200000ec   Section        4  system_stm32h7xx.o(.data)
    .data                                    0x200000f0   Section        4  system_stm32h7xx.o(.data)
    .data                                    0x200000f4   Section        4  errno.o(.data)
    _errno                                   0x200000f4   Data           4  errno.o(.data)
    .bss                                     0x200000f8   Section     1448  main.o(.bss)
    STACK                                    0x200006a0   Section     1024  startup_stm32h743xx.o(STACK)

    Global Symbols

    Symbol Name                              Value     Ov Type        Size  Object(Section)

    BuildAttributes$$THM_ISAv4$E$P$D$K$B$S$7EM$VFPv5_D16$PE$PLD8$A:L22UL41UL21$X:L11$S22US41US21$IEEE1$IW$USESV6$~STKCKD$USESV7$~SHL$OTIME$ROPI$IEEEX$EBA8$MICROLIB$REQ8$PRES8$EABIv2 0x00000000   Number         0  anon$$obj.o ABSOLUTE
    __ARM_use_no_argv                        0x00000000   Number         0  main.o ABSOLUTE
    __cpp_initialize__aeabi_                  - Undefined Weak Reference
    __cxa_finalize                            - Undefined Weak Reference
    __decompress                              - Undefined Weak Reference
    _clock_init                               - Undefined Weak Reference
    _microlib_exit                            - Undefined Weak Reference
    __Vectors_Size                           0x00000298   Number         0  startup_stm32h743xx.o ABSOLUTE
    __Vectors                                0x08000000   Data           4  startup_stm32h743xx.o(RESET)
    __Vectors_End                            0x08000298   Data           0  startup_stm32h743xx.o(RESET)
    __main                                   0x08000299   Thumb Code     0  entry.o(.ARM.Collect$$$$00000000)
    _main_stk                                0x08000299   Thumb Code     0  entry2.o(.ARM.Collect$$$$00000001)
    _main_scatterload                        0x0800029d   Thumb Code     0  entry5.o(.ARM.Collect$$$$00000004)
    __main_after_scatterload                 0x080002a1   Thumb Code     0  entry5.o(.ARM.Collect$$$$00000004)
    _main_clock                              0x080002a1   Thumb Code     0  entry7b.o(.ARM.Collect$$$$00000008)
    _main_cpp_init                           0x080002a1   Thumb Code     0  entry8b.o(.ARM.Collect$$$$0000000A)
    _main_init                               0x080002a1   Thumb Code     0  entry9a.o(.ARM.Collect$$$$0000000B)
    __rt_final_cpp                           0x080002a9   Thumb Code     0  entry10a.o(.ARM.Collect$$$$0000000D)
    __rt_final_exit                          0x080002a9   Thumb Code     0  entry11a.o(.ARM.Collect$$$$0000000F)
    Reset_Handler                            0x080002ad   Thumb Code     8  startup_stm32h743xx.o(.text)
    ADC3_IRQHandler                          0x080002c7   Thumb Code     0  startup_stm32h743xx.o(.text)
    ADC_IRQHandler                           0x080002c7   Thumb Code     0  startup_stm32h743xx.o(.text)
    BDMA_Channel0_IRQHandler                 0x080002c7   Thumb Code     0  startup_stm32h743xx.o(.text)
    BDMA_Channel1_IRQHandler                 0x080002c7   Thumb Code     0  startup_stm32h743xx.o(.text)
    BDMA_Channel2_IRQHandler                 0x080002c7   Thumb Code     0  startup_stm32h743xx.o(.text)
    BDMA_Channel3_IRQHandler                 0x080002c7   Thumb Code     0  startup_stm32h743xx.o(.text)
    BDMA_Channel4_IRQHandler                 0x080002c7   Thumb Code     0  startup_stm32h743xx.o(.text)
    BDMA_Channel5_IRQHandler                 0x080002c7   Thumb Code     0  startup_stm32h743xx.o(.text)
    BDMA_Channel6_IRQHandler                 0x080002c7   Thumb Code     0  startup_stm32h743xx.o(.text)
    BDMA_Channel7_IRQHandler                 0x080002c7   Thumb Code     0  startup_stm32h743xx.o(.text)
    CEC_IRQHandler                           0x080002c7   Thumb Code     0  startup_stm32h743xx.o(.text)
    COMP1_IRQHandler                         0x080002c7   Thumb Code     0  startup_stm32h743xx.o(.text)
    CRS_IRQHandler                           0x080002c7   Thumb Code     0  startup_stm32h743xx.o(.text)
    DCMI_IRQHandler                          0x080002c7   Thumb Code     0  startup_stm32h743xx.o(.text)
    DFSDM1_FLT0_IRQHandler                   0x080002c7   Thumb Code     0  startup_stm32h743xx.o(.text)
    DFSDM1_FLT1_IRQHandler                   0x080002c7   Thumb Code     0  startup_stm32h743xx.o(.text)
    DFSDM1_FLT2_IRQHandler                   0x080002c7   Thumb Code     0  startup_stm32h743xx.o(.text)
    DFSDM1_FLT3_IRQHandler                   0x080002c7   Thumb Code     0  startup_stm32h743xx.o(.text)
    DMA1_Stream0_IRQHandler                  0x080002c7   Thumb Code     0  startup_stm32h743xx.o(.text)
    DMA1_Stream1_IRQHandler                  0x080002c7   Thumb Code     0  startup_stm32h743xx.o(.text)
    DMA1_Stream2_IRQHandler                  0x080002c7   Thumb Code     0  startup_stm32h743xx.o(.text)
    DMA1_Stream3_IRQHandler                  0x080002c7   Thumb Code     0  startup_stm32h743xx.o(.text)
    DMA1_Stream4_IRQHandler                  0x080002c7   Thumb Code     0  startup_stm32h743xx.o(.text)
    DMA1_Stream5_IRQHandler                  0x080002c7   Thumb Code     0  startup_stm32h743xx.o(.text)
    DMA1_Stream6_IRQHandler                  0x080002c7   Thumb Code     0  startup_stm32h743xx.o(.text)
    DMA1_Stream7_IRQHandler                  0x080002c7   Thumb Code     0  startup_stm32h743xx.o(.text)
    DMA2D_IRQHandler                         0x080002c7   Thumb Code     0  startup_stm32h743xx.o(.text)
    DMA2_Stream0_IRQHandler                  0x080002c7   Thumb Code     0  startup_stm32h743xx.o(.text)
    DMA2_Stream1_IRQHandler                  0x080002c7   Thumb Code     0  startup_stm32h743xx.o(.text)
    DMA2_Stream2_IRQHandler                  0x080002c7   Thumb Code     0  startup_stm32h743xx.o(.text)
    DMA2_Stream3_IRQHandler                  0x080002c7   Thumb Code     0  startup_stm32h743xx.o(.text)
    DMA2_Stream4_IRQHandler                  0x080002c7   Thumb Code     0  startup_stm32h743xx.o(.text)
    DMA2_Stream5_IRQHandler                  0x080002c7   Thumb Code     0  startup_stm32h743xx.o(.text)
    DMA2_Stream6_IRQHandler                  0x080002c7   Thumb Code     0  startup_stm32h743xx.o(.text)
    DMA2_Stream7_IRQHandler                  0x080002c7   Thumb Code     0  startup_stm32h743xx.o(.text)
    DMAMUX1_OVR_IRQHandler                   0x080002c7   Thumb Code     0  startup_stm32h743xx.o(.text)
    DMAMUX2_OVR_IRQHandler                   0x080002c7   Thumb Code     0  startup_stm32h743xx.o(.text)
    ETH_IRQHandler                           0x080002c7   Thumb Code     0  startup_stm32h743xx.o(.text)
    ETH_WKUP_IRQHandler                      0x080002c7   Thumb Code     0  startup_stm32h743xx.o(.text)
    EXTI0_IRQHandler                         0x080002c7   Thumb Code     0  startup_stm32h743xx.o(.text)
    EXTI15_10_IRQHandler                     0x080002c7   Thumb Code     0  startup_stm32h743xx.o(.text)
    EXTI1_IRQHandler                         0x080002c7   Thumb Code     0  startup_stm32h743xx.o(.text)
    EXTI2_IRQHandler                         0x080002c7   Thumb Code     0  startup_stm32h743xx.o(.text)
    EXTI3_IRQHandler                         0x080002c7   Thumb Code     0  startup_stm32h743xx.o(.text)
    EXTI4_IRQHandler                         0x080002c7   Thumb Code     0  startup_stm32h743xx.o(.text)
    EXTI9_5_IRQHandler                       0x080002c7   Thumb Code     0  startup_stm32h743xx.o(.text)
    FDCAN1_IT0_IRQHandler                    0x080002c7   Thumb Code     0  startup_stm32h743xx.o(.text)
    FDCAN1_IT1_IRQHandler                    0x080002c7   Thumb Code     0  startup_stm32h743xx.o(.text)
    FDCAN2_IT0_IRQHandler                    0x080002c7   Thumb Code     0  startup_stm32h743xx.o(.text)
    FDCAN2_IT1_IRQHandler                    0x080002c7   Thumb Code     0  startup_stm32h743xx.o(.text)
    FDCAN_CAL_IRQHandler                     0x080002c7   Thumb Code     0  startup_stm32h743xx.o(.text)
    FLASH_IRQHandler                         0x080002c7   Thumb Code     0  startup_stm32h743xx.o(.text)
    FMC_IRQHandler                           0x080002c7   Thumb Code     0  startup_stm32h743xx.o(.text)
    FPU_IRQHandler                           0x080002c7   Thumb Code     0  startup_stm32h743xx.o(.text)
    HRTIM1_FLT_IRQHandler                    0x080002c7   Thumb Code     0  startup_stm32h743xx.o(.text)
    HRTIM1_Master_IRQHandler                 0x080002c7   Thumb Code     0  startup_stm32h743xx.o(.text)
    HRTIM1_TIMA_IRQHandler                   0x080002c7   Thumb Code     0  startup_stm32h743xx.o(.text)
    HRTIM1_TIMB_IRQHandler                   0x080002c7   Thumb Code     0  startup_stm32h743xx.o(.text)
    HRTIM1_TIMC_IRQHandler                   0x080002c7   Thumb Code     0  startup_stm32h743xx.o(.text)
    HRTIM1_TIMD_IRQHandler                   0x080002c7   Thumb Code     0  startup_stm32h743xx.o(.text)
    HRTIM1_TIME_IRQHandler                   0x080002c7   Thumb Code     0  startup_stm32h743xx.o(.text)
    HSEM1_IRQHandler                         0x080002c7   Thumb Code     0  startup_stm32h743xx.o(.text)
    I2C1_ER_IRQHandler                       0x080002c7   Thumb Code     0  startup_stm32h743xx.o(.text)
    I2C1_EV_IRQHandler                       0x080002c7   Thumb Code     0  startup_stm32h743xx.o(.text)
    I2C2_ER_IRQHandler                       0x080002c7   Thumb Code     0  startup_stm32h743xx.o(.text)
    I2C2_EV_IRQHandler                       0x080002c7   Thumb Code     0  startup_stm32h743xx.o(.text)
    I2C3_ER_IRQHandler                       0x080002c7   Thumb Code     0  startup_stm32h743xx.o(.text)
    I2C3_EV_IRQHandler                       0x080002c7   Thumb Code     0  startup_stm32h743xx.o(.text)
    I2C4_ER_IRQHandler                       0x080002c7   Thumb Code     0  startup_stm32h743xx.o(.text)
    I2C4_EV_IRQHandler                       0x080002c7   Thumb Code     0  startup_stm32h743xx.o(.text)
    JPEG_IRQHandler                          0x080002c7   Thumb Code     0  startup_stm32h743xx.o(.text)
    LPTIM1_IRQHandler                        0x080002c7   Thumb Code     0  startup_stm32h743xx.o(.text)
    LPTIM2_IRQHandler                        0x080002c7   Thumb Code     0  startup_stm32h743xx.o(.text)
    LPTIM3_IRQHandler                        0x080002c7   Thumb Code     0  startup_stm32h743xx.o(.text)
    LPTIM4_IRQHandler                        0x080002c7   Thumb Code     0  startup_stm32h743xx.o(.text)
    LPTIM5_IRQHandler                        0x080002c7   Thumb Code     0  startup_stm32h743xx.o(.text)
    LPUART1_IRQHandler                       0x080002c7   Thumb Code     0  startup_stm32h743xx.o(.text)
    LTDC_ER_IRQHandler                       0x080002c7   Thumb Code     0  startup_stm32h743xx.o(.text)
    LTDC_IRQHandler                          0x080002c7   Thumb Code     0  startup_stm32h743xx.o(.text)
    MDIOS_IRQHandler                         0x080002c7   Thumb Code     0  startup_stm32h743xx.o(.text)
    MDIOS_WKUP_IRQHandler                    0x080002c7   Thumb Code     0  startup_stm32h743xx.o(.text)
    MDMA_IRQHandler                          0x080002c7   Thumb Code     0  startup_stm32h743xx.o(.text)
    OTG_FS_EP1_IN_IRQHandler                 0x080002c7   Thumb Code     0  startup_stm32h743xx.o(.text)
    OTG_FS_EP1_OUT_IRQHandler                0x080002c7   Thumb Code     0  startup_stm32h743xx.o(.text)
    OTG_FS_IRQHandler                        0x080002c7   Thumb Code     0  startup_stm32h743xx.o(.text)
    OTG_FS_WKUP_IRQHandler                   0x080002c7   Thumb Code     0  startup_stm32h743xx.o(.text)
    OTG_HS_EP1_IN_IRQHandler                 0x080002c7   Thumb Code     0  startup_stm32h743xx.o(.text)
    OTG_HS_EP1_OUT_IRQHandler                0x080002c7   Thumb Code     0  startup_stm32h743xx.o(.text)
    OTG_HS_IRQHandler                        0x080002c7   Thumb Code     0  startup_stm32h743xx.o(.text)
    OTG_HS_WKUP_IRQHandler                   0x080002c7   Thumb Code     0  startup_stm32h743xx.o(.text)
    PVD_AVD_IRQHandler                       0x080002c7   Thumb Code     0  startup_stm32h743xx.o(.text)
    QUADSPI_IRQHandler                       0x080002c7   Thumb Code     0  startup_stm32h743xx.o(.text)
    RCC_IRQHandler                           0x080002c7   Thumb Code     0  startup_stm32h743xx.o(.text)
    RNG_IRQHandler                           0x080002c7   Thumb Code     0  startup_stm32h743xx.o(.text)
    RTC_Alarm_IRQHandler                     0x080002c7   Thumb Code     0  startup_stm32h743xx.o(.text)
    RTC_WKUP_IRQHandler                      0x080002c7   Thumb Code     0  startup_stm32h743xx.o(.text)
    SAI1_IRQHandler                          0x080002c7   Thumb Code     0  startup_stm32h743xx.o(.text)
    SAI2_IRQHandler                          0x080002c7   Thumb Code     0  startup_stm32h743xx.o(.text)
    SAI3_IRQHandler                          0x080002c7   Thumb Code     0  startup_stm32h743xx.o(.text)
    SAI4_IRQHandler                          0x080002c7   Thumb Code     0  startup_stm32h743xx.o(.text)
    SDMMC1_IRQHandler                        0x080002c7   Thumb Code     0  startup_stm32h743xx.o(.text)
    SDMMC2_IRQHandler                        0x080002c7   Thumb Code     0  startup_stm32h743xx.o(.text)
    SPDIF_RX_IRQHandler                      0x080002c7   Thumb Code     0  startup_stm32h743xx.o(.text)
    SPI1_IRQHandler                          0x080002c7   Thumb Code     0  startup_stm32h743xx.o(.text)
    SPI2_IRQHandler                          0x080002c7   Thumb Code     0  startup_stm32h743xx.o(.text)
    SPI3_IRQHandler                          0x080002c7   Thumb Code     0  startup_stm32h743xx.o(.text)
    SPI4_IRQHandler                          0x080002c7   Thumb Code     0  startup_stm32h743xx.o(.text)
    SPI5_IRQHandler                          0x080002c7   Thumb Code     0  startup_stm32h743xx.o(.text)
    SPI6_IRQHandler                          0x080002c7   Thumb Code     0  startup_stm32h743xx.o(.text)
    SWPMI1_IRQHandler                        0x080002c7   Thumb Code     0  startup_stm32h743xx.o(.text)
    TAMP_STAMP_IRQHandler                    0x080002c7   Thumb Code     0  startup_stm32h743xx.o(.text)
    TIM15_IRQHandler                         0x080002c7   Thumb Code     0  startup_stm32h743xx.o(.text)
    TIM16_IRQHandler                         0x080002c7   Thumb Code     0  startup_stm32h743xx.o(.text)
    TIM17_IRQHandler                         0x080002c7   Thumb Code     0  startup_stm32h743xx.o(.text)
    TIM1_BRK_IRQHandler                      0x080002c7   Thumb Code     0  startup_stm32h743xx.o(.text)
    TIM1_CC_IRQHandler                       0x080002c7   Thumb Code     0  startup_stm32h743xx.o(.text)
    TIM1_TRG_COM_IRQHandler                  0x080002c7   Thumb Code     0  startup_stm32h743xx.o(.text)
    TIM1_UP_IRQHandler                       0x080002c7   Thumb Code     0  startup_stm32h743xx.o(.text)
    TIM2_IRQHandler                          0x080002c7   Thumb Code     0  startup_stm32h743xx.o(.text)
    TIM3_IRQHandler                          0x080002c7   Thumb Code     0  startup_stm32h743xx.o(.text)
    TIM5_IRQHandler                          0x080002c7   Thumb Code     0  startup_stm32h743xx.o(.text)
    TIM6_DAC_IRQHandler                      0x080002c7   Thumb Code     0  startup_stm32h743xx.o(.text)
    TIM7_IRQHandler                          0x080002c7   Thumb Code     0  startup_stm32h743xx.o(.text)
    TIM8_BRK_TIM12_IRQHandler                0x080002c7   Thumb Code     0  startup_stm32h743xx.o(.text)
    TIM8_TRG_COM_TIM14_IRQHandler            0x080002c7   Thumb Code     0  startup_stm32h743xx.o(.text)
    TIM8_UP_TIM13_IRQHandler                 0x080002c7   Thumb Code     0  startup_stm32h743xx.o(.text)
    UART5_IRQHandler                         0x080002c7   Thumb Code     0  startup_stm32h743xx.o(.text)
    UART7_IRQHandler                         0x080002c7   Thumb Code     0  startup_stm32h743xx.o(.text)
    UART8_IRQHandler                         0x080002c7   Thumb Code     0  startup_stm32h743xx.o(.text)
    USART1_IRQHandler                        0x080002c7   Thumb Code     0  startup_stm32h743xx.o(.text)
    USART2_IRQHandler                        0x080002c7   Thumb Code     0  startup_stm32h743xx.o(.text)
    USART6_IRQHandler                        0x080002c7   Thumb Code     0  startup_stm32h743xx.o(.text)
    WAKEUP_PIN_IRQHandler                    0x080002c7   Thumb Code     0  startup_stm32h743xx.o(.text)
    WWDG_IRQHandler                          0x080002c7   Thumb Code     0  startup_stm32h743xx.o(.text)
    __aeabi_uldivmod                         0x080002d1   Thumb Code    98  uldiv.o(.text)
    __aeabi_memcpy                           0x08000333   Thumb Code    36  memcpya.o(.text)
    __aeabi_memcpy4                          0x08000333   Thumb Code     0  memcpya.o(.text)
    __aeabi_memcpy8                          0x08000333   Thumb Code     0  memcpya.o(.text)
    __aeabi_memset                           0x08000357   Thumb Code    14  memseta.o(.text)
    __aeabi_memset4                          0x08000357   Thumb Code     0  memseta.o(.text)
    __aeabi_memset8                          0x08000357   Thumb Code     0  memseta.o(.text)
    __aeabi_memclr                           0x08000365   Thumb Code     4  memseta.o(.text)
    __aeabi_memclr4                          0x08000365   Thumb Code     0  memseta.o(.text)
    __aeabi_memclr8                          0x08000365   Thumb Code     0  memseta.o(.text)
    _memset$wrapper                          0x08000369   Thumb Code    18  memseta.o(.text)
    __aeabi_llsl                             0x0800037b   Thumb Code    30  llshl.o(.text)
    _ll_shift_l                              0x0800037b   Thumb Code     0  llshl.o(.text)
    __aeabi_llsr                             0x08000399   Thumb Code    32  llushr.o(.text)
    _ll_ushift_r                             0x08000399   Thumb Code     0  llushr.o(.text)
    __I$use$fp                               0x080003b9   Thumb Code     0  iusefp.o(.text)
    __scatterload                            0x080003b9   Thumb Code    28  init.o(.text)
    __scatterload_rt2                        0x080003b9   Thumb Code     0  init.o(.text)
    ADC_ConfigureBoostMode                   0x080003dd   Thumb Code   246  stm32h7xx_hal_adc.o(i.ADC_ConfigureBoostMode)
    All_Capture_IT_Start                     0x080004f1   Thumb Code    58  main.o(i.All_Capture_IT_Start)
    All_PWM_Start                            0x08000531   Thumb Code   126  main.o(i.All_PWM_Start)
    Angle                                    0x080005b9   Thumb Code   156  main.o(i.Angle)
    BusFault_Handler                         0x08000661   Thumb Code     2  stm32h7xx_it.o(i.BusFault_Handler)
    DebugMon_Handler                         0x08000663   Thumb Code     2  stm32h7xx_it.o(i.DebugMon_Handler)
    HAL_ADCEx_MultiModeConfigChannel         0x08000825   Thumb Code   258  stm32h7xx_hal_adc_ex.o(i.HAL_ADCEx_MultiModeConfigChannel)
    HAL_ADC_ConfigChannel                    0x0800093d   Thumb Code   930  stm32h7xx_hal_adc.o(i.HAL_ADC_ConfigChannel)
    HAL_ADC_Init                             0x08000d19   Thumb Code   490  stm32h7xx_hal_adc.o(i.HAL_ADC_Init)
    HAL_ADC_MspInit                          0x08000f39   Thumb Code   188  stm32h7xx_hal_msp.o(i.HAL_ADC_MspInit)
    HAL_DMA_Abort_IT                         0x08001009   Thumb Code   444  stm32h7xx_hal_dma.o(i.HAL_DMA_Abort_IT)
    HAL_Delay                                0x080011cd   Thumb Code    32  stm32h7xx_hal.o(i.HAL_Delay)
    HAL_FDCAN_Init                           0x080011f1   Thumb Code   570  stm32h7xx_hal_fdcan.o(i.HAL_FDCAN_Init)
    HAL_FDCAN_MspInit                        0x08001435   Thumb Code    90  stm32h7xx_hal_msp.o(i.HAL_FDCAN_MspInit)
    HAL_GPIO_Init                            0x0800149d   Thumb Code   440  stm32h7xx_hal_gpio.o(i.HAL_GPIO_Init)
    HAL_GPIO_WritePin                        0x08001685   Thumb Code    10  stm32h7xx_hal_gpio.o(i.HAL_GPIO_WritePin)
    HAL_GetREVID                             0x08001691   Thumb Code     8  stm32h7xx_hal.o(i.HAL_GetREVID)
    HAL_GetTick                              0x0800169d   Thumb Code     6  stm32h7xx_hal.o(i.HAL_GetTick)
    HAL_I2CEx_ConfigAnalogFilter             0x080016a9   Thumb Code    86  stm32h7xx_hal_i2c_ex.o(i.HAL_I2CEx_ConfigAnalogFilter)
    HAL_I2CEx_ConfigDigitalFilter            0x080016ff   Thumb Code    82  stm32h7xx_hal_i2c_ex.o(i.HAL_I2CEx_ConfigDigitalFilter)
    HAL_I2C_Init                             0x08001751   Thumb Code   178  stm32h7xx_hal_i2c.o(i.HAL_I2C_Init)
    HAL_I2C_MspInit                          0x08001809   Thumb Code    92  stm32h7xx_hal_msp.o(i.HAL_I2C_MspInit)
    HAL_IncTick                              0x08001871   Thumb Code    12  stm32h7xx_hal.o(i.HAL_IncTick)
    HAL_Init                                 0x08001881   Thumb Code    72  stm32h7xx_hal.o(i.HAL_Init)
    HAL_InitTick                             0x080018d9   Thumb Code    56  stm32h7xx_hal.o(i.HAL_InitTick)
    HAL_MspInit                              0x08001919   Thumb Code    22  stm32h7xx_hal_msp.o(i.HAL_MspInit)
    HAL_NVIC_EnableIRQ                       0x08001935   Thumb Code    26  stm32h7xx_hal_cortex.o(i.HAL_NVIC_EnableIRQ)
    HAL_NVIC_SetPriority                     0x08001951   Thumb Code    60  stm32h7xx_hal_cortex.o(i.HAL_NVIC_SetPriority)
    HAL_NVIC_SetPriorityGrouping             0x08001991   Thumb Code    26  stm32h7xx_hal_cortex.o(i.HAL_NVIC_SetPriorityGrouping)
    HAL_PWREx_ConfigSupply                   0x080019b5   Thumb Code    74  stm32h7xx_hal_pwr_ex.o(i.HAL_PWREx_ConfigSupply)
    HAL_RCCEx_GetD1SysClockFreq              0x08001a05   Thumb Code    30  stm32h7xx_hal_rcc_ex.o(i.HAL_RCCEx_GetD1SysClockFreq)
    HAL_RCCEx_GetD3PCLK1Freq                 0x08001a31   Thumb Code    26  stm32h7xx_hal_rcc_ex.o(i.HAL_RCCEx_GetD3PCLK1Freq)
    HAL_RCCEx_GetPLL1ClockFreq               0x08001a55   Thumb Code   290  stm32h7xx_hal_rcc_ex.o(i.HAL_RCCEx_GetPLL1ClockFreq)
    HAL_RCCEx_GetPLL2ClockFreq               0x08001b91   Thumb Code   290  stm32h7xx_hal_rcc_ex.o(i.HAL_RCCEx_GetPLL2ClockFreq)
    HAL_RCCEx_GetPLL3ClockFreq               0x08001ccd   Thumb Code   290  stm32h7xx_hal_rcc_ex.o(i.HAL_RCCEx_GetPLL3ClockFreq)
    HAL_RCCEx_GetPeriphCLKFreq               0x08001e09   Thumb Code   390  stm32h7xx_hal_rcc_ex.o(i.HAL_RCCEx_GetPeriphCLKFreq)
    HAL_RCCEx_PeriphCLKConfig                0x08001fa1   Thumb Code  2230  stm32h7xx_hal_rcc_ex.o(i.HAL_RCCEx_PeriphCLKConfig)
    HAL_RCC_ClockConfig                      0x0800285d   Thumb Code   570  stm32h7xx_hal_rcc.o(i.HAL_RCC_ClockConfig)
    HAL_RCC_GetHCLKFreq                      0x08002ab5   Thumb Code    30  stm32h7xx_hal_rcc.o(i.HAL_RCC_GetHCLKFreq)
    HAL_RCC_GetPCLK1Freq                     0x08002ae1   Thumb Code    26  stm32h7xx_hal_rcc.o(i.HAL_RCC_GetPCLK1Freq)
    HAL_RCC_GetPCLK2Freq                     0x08002b05   Thumb Code    26  stm32h7xx_hal_rcc.o(i.HAL_RCC_GetPCLK2Freq)
    HAL_RCC_GetSysClockFreq                  0x08002b29   Thumb Code   270  stm32h7xx_hal_rcc.o(i.HAL_RCC_GetSysClockFreq)
    HAL_RCC_OscConfig                        0x08002c59   Thumb Code  1176  stm32h7xx_hal_rcc.o(i.HAL_RCC_OscConfig)
    HAL_SYSCFG_AnalogSwitchConfig            0x080030f1   Thumb Code    12  stm32h7xx_hal.o(i.HAL_SYSCFG_AnalogSwitchConfig)
    HAL_SYSTICK_Config                       0x08003101   Thumb Code    40  stm32h7xx_hal_cortex.o(i.HAL_SYSTICK_Config)
    HAL_TIMEx_Break2Callback                 0x08003129   Thumb Code     2  stm32h7xx_hal_tim_ex.o(i.HAL_TIMEx_Break2Callback)
    HAL_TIMEx_BreakCallback                  0x0800312b   Thumb Code     2  stm32h7xx_hal_tim_ex.o(i.HAL_TIMEx_BreakCallback)
    HAL_TIMEx_CommutCallback                 0x0800312d   Thumb Code     2  stm32h7xx_hal_tim_ex.o(i.HAL_TIMEx_CommutCallback)
    HAL_TIMEx_ConfigBreakDeadTime            0x08003131   Thumb Code   132  stm32h7xx_hal_tim_ex.o(i.HAL_TIMEx_ConfigBreakDeadTime)
    HAL_TIMEx_MasterConfigSynchronization    0x080031bd   Thumb Code    88  stm32h7xx_hal_tim_ex.o(i.HAL_TIMEx_MasterConfigSynchronization)
    HAL_TIM_Base_Init                        0x0800321d   Thumb Code    54  stm32h7xx_hal_tim.o(i.HAL_TIM_Base_Init)
    HAL_TIM_Base_MspInit                     0x08003255   Thumb Code   274  stm32h7xx_hal_msp.o(i.HAL_TIM_Base_MspInit)
    HAL_TIM_ConfigClockSource                0x0800338d   Thumb Code   242  stm32h7xx_hal_tim.o(i.HAL_TIM_ConfigClockSource)
    HAL_TIM_IC_CaptureCallback               0x08003485   Thumb Code   738  main.o(i.HAL_TIM_IC_CaptureCallback)
    HAL_TIM_IC_ConfigChannel                 0x08003775   Thumb Code   284  stm32h7xx_hal_tim.o(i.HAL_TIM_IC_ConfigChannel)
    HAL_TIM_IC_Init                          0x08003891   Thumb Code    54  stm32h7xx_hal_tim.o(i.HAL_TIM_IC_Init)
    HAL_TIM_IC_MspInit                       0x080038c7   Thumb Code     2  stm32h7xx_hal_tim.o(i.HAL_TIM_IC_MspInit)
    HAL_TIM_IC_Start_IT                      0x080038c9   Thumb Code    92  stm32h7xx_hal_tim.o(i.HAL_TIM_IC_Start_IT)
    HAL_TIM_IRQHandler                       0x08003929   Thumb Code   388  stm32h7xx_hal_tim.o(i.HAL_TIM_IRQHandler)
    HAL_TIM_MspPostInit                      0x08003aad   Thumb Code   202  stm32h7xx_hal_msp.o(i.HAL_TIM_MspPostInit)
    HAL_TIM_OC_DelayElapsedCallback          0x08003b99   Thumb Code     2  stm32h7xx_hal_tim.o(i.HAL_TIM_OC_DelayElapsedCallback)
    HAL_TIM_PWM_ConfigChannel                0x08003b9b   Thumb Code   296  stm32h7xx_hal_tim.o(i.HAL_TIM_PWM_ConfigChannel)
    HAL_TIM_PWM_Init                         0x08003cc3   Thumb Code    54  stm32h7xx_hal_tim.o(i.HAL_TIM_PWM_Init)
    HAL_TIM_PWM_MspInit                      0x08003cf9   Thumb Code     2  stm32h7xx_hal_tim.o(i.HAL_TIM_PWM_MspInit)
    HAL_TIM_PWM_PulseFinishedCallback        0x08003cfb   Thumb Code     2  stm32h7xx_hal_tim.o(i.HAL_TIM_PWM_PulseFinishedCallback)
    HAL_TIM_PWM_Start                        0x08003cfd   Thumb Code    82  stm32h7xx_hal_tim.o(i.HAL_TIM_PWM_Start)
    HAL_TIM_PeriodElapsedCallback            0x08003d69   Thumb Code     2  stm32h7xx_hal_tim.o(i.HAL_TIM_PeriodElapsedCallback)
    HAL_TIM_ReadCapturedValue                0x08003d6b   Thumb Code    42  stm32h7xx_hal_tim.o(i.HAL_TIM_ReadCapturedValue)
    HAL_TIM_TriggerCallback                  0x08003d95   Thumb Code     2  stm32h7xx_hal_tim.o(i.HAL_TIM_TriggerCallback)
    HAL_UARTEx_DisableFifoMode               0x08003d97   Thumb Code    62  stm32h7xx_hal_uart_ex.o(i.HAL_UARTEx_DisableFifoMode)
    HAL_UARTEx_RxFifoFullCallback            0x08003dd5   Thumb Code     2  stm32h7xx_hal_uart_ex.o(i.HAL_UARTEx_RxFifoFullCallback)
    HAL_UARTEx_SetRxFifoThreshold            0x08003dd7   Thumb Code    76  stm32h7xx_hal_uart_ex.o(i.HAL_UARTEx_SetRxFifoThreshold)
    HAL_UARTEx_SetTxFifoThreshold            0x08003e23   Thumb Code    76  stm32h7xx_hal_uart_ex.o(i.HAL_UARTEx_SetTxFifoThreshold)
    HAL_UARTEx_TxFifoEmptyCallback           0x08003e6f   Thumb Code     2  stm32h7xx_hal_uart_ex.o(i.HAL_UARTEx_TxFifoEmptyCallback)
    HAL_UARTEx_WakeupCallback                0x08003e71   Thumb Code     2  stm32h7xx_hal_uart_ex.o(i.HAL_UARTEx_WakeupCallback)
    HAL_UART_ErrorCallback                   0x08003e73   Thumb Code     2  stm32h7xx_hal_uart.o(i.HAL_UART_ErrorCallback)
    HAL_UART_GetState                        0x08003e75   Thumb Code    12  stm32h7xx_hal_uart.o(i.HAL_UART_GetState)
    HAL_UART_IRQHandler                      0x08003e81   Thumb Code   438  stm32h7xx_hal_uart.o(i.HAL_UART_IRQHandler)
    HAL_UART_Init                            0x08004045   Thumb Code   106  stm32h7xx_hal_uart.o(i.HAL_UART_Init)
    HAL_UART_MspInit                         0x080040b1   Thumb Code   180  stm32h7xx_hal_msp.o(i.HAL_UART_MspInit)
    HAL_UART_Receive_IT                      0x08004179   Thumb Code   234  stm32h7xx_hal_uart.o(i.HAL_UART_Receive_IT)
    HAL_UART_RxCpltCallback                  0x08004275   Thumb Code   224  main.o(i.HAL_UART_RxCpltCallback)
    HAL_UART_Transmit                        0x0800436d   Thumb Code   188  stm32h7xx_hal_uart.o(i.HAL_UART_Transmit)
    HAL_UART_TxCpltCallback                  0x08004429   Thumb Code     2  stm32h7xx_hal_uart.o(i.HAL_UART_TxCpltCallback)
    HardFault_Handler                        0x0800442b   Thumb Code     2  stm32h7xx_it.o(i.HardFault_Handler)
    InitRobotPosion                          0x0800442d   Thumb Code   128  main.o(i.InitRobotPosion)
    MemManage_Handler                        0x08004c91   Thumb Code     2  stm32h7xx_it.o(i.MemManage_Handler)
    NMI_Handler                              0x08004c93   Thumb Code     2  stm32h7xx_it.o(i.NMI_Handler)
    PendSV_Handler                           0x08004c95   Thumb Code     2  stm32h7xx_it.o(i.PendSV_Handler)
    Robot_Run_Left                           0x08004ec1   Thumb Code   218  main.o(i.Robot_Run_Left)
    Robot_Run_Line                           0x08004fa1   Thumb Code   214  main.o(i.Robot_Run_Line)
    Robot_Run_Right                          0x0800507d   Thumb Code   218  main.o(i.Robot_Run_Right)
    SVC_Handler                              0x0800515d   Thumb Code     2  stm32h7xx_it.o(i.SVC_Handler)
    Set_All_PWM_Pulse                        0x08005161   Thumb Code   154  main.o(i.Set_All_PWM_Pulse)
    StartAngleInit                           0x08005205   Thumb Code   100  main.o(i.StartAngleInit)
    SysTick_Handler                          0x08005281   Thumb Code     4  stm32h7xx_it.o(i.SysTick_Handler)
    SystemClock_Config                       0x08005285   Thumb Code   216  main.o(i.SystemClock_Config)
    SystemInit                               0x0800536d   Thumb Code   116  system_stm32h7xx.o(i.SystemInit)
    TIM4_IRQHandler                          0x080053f1   Thumb Code     6  stm32h7xx_it.o(i.TIM4_IRQHandler)
    TIM8_CC_IRQHandler                       0x080053fd   Thumb Code     6  stm32h7xx_it.o(i.TIM8_CC_IRQHandler)
    TIM_Base_SetConfig                       0x08005409   Thumb Code   160  stm32h7xx_hal_tim.o(i.TIM_Base_SetConfig)
    TIM_CCxChannelCmd                        0x080054c9   Thumb Code    26  stm32h7xx_hal_tim.o(i.TIM_CCxChannelCmd)
    TIM_ETR_SetConfig                        0x080054e3   Thumb Code    20  stm32h7xx_hal_tim.o(i.TIM_ETR_SetConfig)
    TIM_OC2_SetConfig                        0x080055a9   Thumb Code   120  stm32h7xx_hal_tim.o(i.TIM_OC2_SetConfig)
    TIM_TI1_SetConfig                        0x08005829   Thumb Code   100  stm32h7xx_hal_tim.o(i.TIM_TI1_SetConfig)
    UART4_IRQHandler                         0x08005905   Thumb Code    62  stm32h7xx_it.o(i.UART4_IRQHandler)
    UART_AdvFeatureConfig                    0x080059b5   Thumb Code   200  stm32h7xx_hal_uart.o(i.UART_AdvFeatureConfig)
    UART_CheckIdleState                      0x08005a7d   Thumb Code    94  stm32h7xx_hal_uart.o(i.UART_CheckIdleState)
    UART_SetConfig                           0x08005d15   Thumb Code  2654  stm32h7xx_hal_uart.o(i.UART_SetConfig)
    UART_WaitOnFlagUntilTimeout              0x0800677d   Thumb Code   160  stm32h7xx_hal_uart.o(i.UART_WaitOnFlagUntilTimeout)
    USART3_IRQHandler                        0x0800681d   Thumb Code    62  stm32h7xx_it.o(i.USART3_IRQHandler)
    UsageFault_Handler                       0x08006869   Thumb Code     2  stm32h7xx_it.o(i.UsageFault_Handler)
    User_PWM_SetPulse                        0x0800686b   Thumb Code    42  main.o(i.User_PWM_SetPulse)
    User_PWM_SetValue                        0x08006895   Thumb Code    54  main.o(i.User_PWM_SetValue)
    __ARM_fpclassify                         0x080068cb   Thumb Code    48  fpclassify.o(i.__ARM_fpclassify)
    __hardfp_asin                            0x08006921   Thumb Code   432  asin.o(i.__hardfp_asin)
    __hardfp_atan                            0x08006b29   Thumb Code   402  atan.o(i.__hardfp_atan)
    __hardfp_atan2                           0x08006d29   Thumb Code   380  atan2.o(i.__hardfp_atan2)
    __hardfp_sqrt                            0x08006ee9   Thumb Code   102  sqrt.o(i.__hardfp_sqrt)
    __kernel_poly                            0x08006f4f   Thumb Code   112  poly.o(i.__kernel_poly)
    __mathlib_dbl_infnan                     0x08006fbf   Thumb Code     6  dunder.o(i.__mathlib_dbl_infnan)
    __mathlib_dbl_infnan2                    0x08006fc5   Thumb Code     6  dunder.o(i.__mathlib_dbl_infnan2)
    __mathlib_dbl_invalid                    0x08006fd1   Thumb Code    10  dunder.o(i.__mathlib_dbl_invalid)
    __mathlib_dbl_underflow                  0x08006fe9   Thumb Code    10  dunder.o(i.__mathlib_dbl_underflow)
    __scatterload_copy                       0x08007001   Thumb Code    14  handlers.o(i.__scatterload_copy)
    __scatterload_null                       0x0800700f   Thumb Code     2  handlers.o(i.__scatterload_null)
    __scatterload_zeroinit                   0x08007011   Thumb Code    14  handlers.o(i.__scatterload_zeroinit)
    __set_errno                              0x08007021   Thumb Code     6  errno.o(i.__set_errno)
    atan                                     0x0800702d   Thumb Code    16  atan.o(i.atan)
    fabs                                     0x0800703d   Thumb Code    24  fabs.o(i.fabs)
    main                                     0x08007055   Thumb Code   332  main.o(i.main)
    reverse                                  0x080071b9   Thumb Code  2432  main.o(i.reverse)
    reverse4                                 0x08007b45   Thumb Code  1044  main.o(i.reverse4)
    reverse4L                                0x08007f9d   Thumb Code  1648  main.o(i.reverse4L)
    reverse4R                                0x08008611   Thumb Code  1648  main.o(i.reverse4R)
    setcurrentposition                       0x08008c85   Thumb Code    86  main.o(i.setcurrentposition)
    sqrt                                     0x08008ce1   Thumb Code   106  sqrt.o(i.sqrt)
    D1CorePrescTable                         0x08008da8   Data          16  system_stm32h7xx.o(.constdata)
    __mathlib_zero                           0x08008ea0   Data           8  qnan.o(.constdata)
    Region$$Table$$Base                      0x08008ea8   Number         0  anon$$obj.o(Region$$Table)
    Region$$Table$$Limit                     0x08008ec8   Number         0  anon$$obj.o(Region$$Table)
    operating_flag                           0x20000000   Data           1  main.o(.data)
    Time8Channel1Edge                        0x20000001   Data           1  main.o(.data)
    Time8Channel2Edge                        0x20000002   Data           1  main.o(.data)
    Time8Channel3Edge                        0x20000003   Data           1  main.o(.data)
    Time8Channel4Edge                        0x20000004   Data           1  main.o(.data)
    aRxBuffer3                               0x20000005   Data           1  main.o(.data)
    aRxBuffer4                               0x20000006   Data           1  main.o(.data)
    USART_RX3_STA                            0x20000008   Data           2  main.o(.data)
    USART_RX4_STA                            0x2000000a   Data           2  main.o(.data)
    Time8Channel1HighTime                    0x2000000c   Data           2  main.o(.data)
    Time8Channel2HighTime                    0x2000000e   Data           2  main.o(.data)
    Time8Channel3HighTime                    0x20000010   Data           2  main.o(.data)
    Time8Channel4HighTime                    0x20000012   Data           2  main.o(.data)
    Time8Channel1Period                      0x20000014   Data           2  main.o(.data)
    Time8Channel2Period                      0x20000016   Data           2  main.o(.data)
    Time8Channel3Period                      0x20000018   Data           2  main.o(.data)
    Time8Channel4Period                      0x2000001a   Data           2  main.o(.data)
    Time8Channel1RisingTimeLast              0x2000001c   Data           2  main.o(.data)
    Time8Channel1RisingTimeNow               0x2000001e   Data           2  main.o(.data)
    Time8Channel1FallingTime                 0x20000020   Data           2  main.o(.data)
    Time8Channel2RisingTimeLast              0x20000022   Data           2  main.o(.data)
    Time8Channel2RisingTimeNow               0x20000024   Data           2  main.o(.data)
    Time8Channel2FallingTime                 0x20000026   Data           2  main.o(.data)
    Time8Channel3RisingTimeLast              0x20000028   Data           2  main.o(.data)
    Time8Channel3RisingTimeNow               0x2000002a   Data           2  main.o(.data)
    Time8Channel3FallingTime                 0x2000002c   Data           2  main.o(.data)
    Time8Channel4RisingTimeLast              0x2000002e   Data           2  main.o(.data)
    Time8Channel4RisingTimeNow               0x20000030   Data           2  main.o(.data)
    Time8Channel4FallingTime                 0x20000032   Data           2  main.o(.data)
    LED_Value                                0x20000034   Data           2  main.o(.data)
    adc_LT1                                  0x20000038   Data           4  main.o(.data)
    adc_LT2                                  0x2000003c   Data           4  main.o(.data)
    adc_LT3                                  0x20000040   Data           4  main.o(.data)
    adc_RT1                                  0x20000044   Data           4  main.o(.data)
    adc_RT2                                  0x20000048   Data           4  main.o(.data)
    adc_RT3                                  0x2000004c   Data           4  main.o(.data)
    adc_LB1                                  0x20000050   Data           4  main.o(.data)
    adc_LB2                                  0x20000054   Data           4  main.o(.data)
    adc_LB3                                  0x20000058   Data           4  main.o(.data)
    adc_RB1                                  0x2000005c   Data           4  main.o(.data)
    adc_RB2                                  0x20000060   Data           4  main.o(.data)
    adc_RB3                                  0x20000064   Data           4  main.o(.data)
    adc_BAT                                  0x20000068   Data           4  main.o(.data)
    adc_LT1_d                                0x20000070   Data           8  main.o(.data)
    adc_LT2_d                                0x20000078   Data           8  main.o(.data)
    adc_LT3_d                                0x20000080   Data           8  main.o(.data)
    adc_RT1_d                                0x20000088   Data           8  main.o(.data)
    adc_RT2_d                                0x20000090   Data           8  main.o(.data)
    adc_RT3_d                                0x20000098   Data           8  main.o(.data)
    adc_LB1_d                                0x200000a0   Data           8  main.o(.data)
    adc_LB2_d                                0x200000a8   Data           8  main.o(.data)
    adc_LB3_d                                0x200000b0   Data           8  main.o(.data)
    adc_RB1_d                                0x200000b8   Data           8  main.o(.data)
    adc_RB2_d                                0x200000c0   Data           8  main.o(.data)
    adc_RB3_d                                0x200000c8   Data           8  main.o(.data)
    adc_BAT_d                                0x200000d0   Data           8  main.o(.data)
    AD3_Ch_Value                             0x200000d8   Data           8  main.o(.data)
    uwTickFreq                               0x200000e0   Data           1  stm32h7xx_hal.o(.data)
    uwTickPrio                               0x200000e4   Data           4  stm32h7xx_hal.o(.data)
    uwTick                                   0x200000e8   Data           4  stm32h7xx_hal.o(.data)
    SystemCoreClock                          0x200000ec   Data           4  system_stm32h7xx.o(.data)
    SystemD2Clock                            0x200000f0   Data           4  system_stm32h7xx.o(.data)
    cx                                       0x200000f8   Data          16  main.o(.bss)
    cy                                       0x20000108   Data          16  main.o(.bss)
    cz                                       0x20000118   Data          16  main.o(.bss)
    KMGecko                                  0x20000128   Data          52  main.o(.bss)
    hadc1                                    0x2000015c   Data         100  main.o(.bss)
    hadc3                                    0x200001c0   Data         100  main.o(.bss)
    hfdcan1                                  0x20000224   Data         160  main.o(.bss)
    hi2c1                                    0x200002c4   Data          76  main.o(.bss)
    htim1                                    0x20000310   Data          64  main.o(.bss)
    htim3                                    0x20000350   Data          64  main.o(.bss)
    htim4                                    0x20000390   Data          64  main.o(.bss)
    htim8                                    0x200003d0   Data          64  main.o(.bss)
    htim12                                   0x20000410   Data          64  main.o(.bss)
    htim15                                   0x20000450   Data          64  main.o(.bss)
    huart4                                   0x20000490   Data         140  main.o(.bss)
    huart3                                   0x2000051c   Data         140  main.o(.bss)
    FDCAN1_RxHeader                          0x200005a8   Data          40  main.o(.bss)
    USART_RX3_BUF                            0x200005d0   Data          33  main.o(.bss)
    USART_RX4_BUF                            0x200005f1   Data          20  main.o(.bss)
    AD1_Ch_Value                             0x20000608   Data          44  main.o(.bss)
    AD1_Ch_Value_f                           0x20000638   Data          88  main.o(.bss)
    AD3_Ch_Value_f                           0x20000690   Data          16  main.o(.bss)
    __initial_sp                             0x20000aa0   Data           0  startup_stm32h743xx.o(STACK)



==============================================================================

Memory Map of the image

  Image Entry point : 0x08000299

  Load Region LR_IROM1 (Base: 0x08000000, Size: 0x00008fc0, Max: 0x00200000, ABSOLUTE)

    Execution Region ER_IROM1 (Exec base: 0x08000000, Load base: 0x08000000, Size: 0x00008ec8, Max: 0x00200000, ABSOLUTE)

    Exec Addr    Load Addr    Size         Type   Attr      Idx    E Section Name        Object

    0x08000000   0x08000000   0x00000298   Data   RO          729    RESET               startup_stm32h743xx.o
    0x08000298   0x08000298   0x00000000   Code   RO         5744  * .ARM.Collect$$$$00000000  mc_w.l(entry.o)
    0x08000298   0x08000298   0x00000004   Code   RO         5794    .ARM.Collect$$$$00000001  mc_w.l(entry2.o)
    0x0800029c   0x0800029c   0x00000004   Code   RO         5797    .ARM.Collect$$$$00000004  mc_w.l(entry5.o)
    0x080002a0   0x080002a0   0x00000000   Code   RO         5799    .ARM.Collect$$$$00000008  mc_w.l(entry7b.o)
    0x080002a0   0x080002a0   0x00000000   Code   RO         5801    .ARM.Collect$$$$0000000A  mc_w.l(entry8b.o)
    0x080002a0   0x080002a0   0x00000008   Code   RO         5802    .ARM.Collect$$$$0000000B  mc_w.l(entry9a.o)
    0x080002a8   0x080002a8   0x00000000   Code   RO         5804    .ARM.Collect$$$$0000000D  mc_w.l(entry10a.o)
    0x080002a8   0x080002a8   0x00000000   Code   RO         5806    .ARM.Collect$$$$0000000F  mc_w.l(entry11a.o)
    0x080002a8   0x080002a8   0x00000004   Code   RO         5795    .ARM.Collect$$$$00002712  mc_w.l(entry2.o)
    0x080002ac   0x080002ac   0x00000024   Code   RO          730    .text               startup_stm32h743xx.o
    0x080002d0   0x080002d0   0x00000062   Code   RO         5747    .text               mc_w.l(uldiv.o)
    0x08000332   0x08000332   0x00000024   Code   RO         5749    .text               mc_w.l(memcpya.o)
    0x08000356   0x08000356   0x00000024   Code   RO         5751    .text               mc_w.l(memseta.o)
    0x0800037a   0x0800037a   0x0000001e   Code   RO         5808    .text               mc_w.l(llshl.o)
    0x08000398   0x08000398   0x00000020   Code   RO         5810    .text               mc_w.l(llushr.o)
    0x080003b8   0x080003b8   0x00000000   Code   RO         5819    .text               mc_w.l(iusefp.o)
    0x080003b8   0x080003b8   0x00000024   Code   RO         5820    .text               mc_w.l(init.o)
    0x080003dc   0x080003dc   0x00000114   Code   RO          737    i.ADC_ConfigureBoostMode  stm32h7xx_hal_adc.o
    0x080004f0   0x080004f0   0x00000040   Code   RO            4    i.All_Capture_IT_Start  main.o
    0x08000530   0x08000530   0x00000088   Code   RO            5    i.All_PWM_Start     main.o
    0x080005b8   0x080005b8   0x000000a8   Code   RO            6    i.Angle             main.o
    0x08000660   0x08000660   0x00000002   Code   RO          425    i.BusFault_Handler  stm32h7xx_it.o
    0x08000662   0x08000662   0x00000002   Code   RO          426    i.DebugMon_Handler  stm32h7xx_it.o
    0x08000664   0x08000664   0x000001c0   Code   RO         3584    i.FDCAN_CalcultateRamBlockAddresses  stm32h7xx_hal_fdcan.o
    0x08000824   0x08000824   0x00000118   Code   RO          984    i.HAL_ADCEx_MultiModeConfigChannel  stm32h7xx_hal_adc_ex.o
    0x0800093c   0x0800093c   0x000003dc   Code   RO          745    i.HAL_ADC_ConfigChannel  stm32h7xx_hal_adc.o
    0x08000d18   0x08000d18   0x00000220   Code   RO          754    i.HAL_ADC_Init      stm32h7xx_hal_adc.o
    0x08000f38   0x08000f38   0x000000d0   Code   RO          641    i.HAL_ADC_MspInit   stm32h7xx_hal_msp.o
    0x08001008   0x08001008   0x000001c4   Code   RO         1823    i.HAL_DMA_Abort_IT  stm32h7xx_hal_dma.o
    0x080011cc   0x080011cc   0x00000024   Code   RO         2672    i.HAL_Delay         stm32h7xx_hal.o
    0x080011f0   0x080011f0   0x00000244   Code   RO         3636    i.HAL_FDCAN_Init    stm32h7xx_hal_fdcan.o
    0x08001434   0x08001434   0x00000068   Code   RO          643    i.HAL_FDCAN_MspInit  stm32h7xx_hal_msp.o
    0x0800149c   0x0800149c   0x000001e8   Code   RO         1670    i.HAL_GPIO_Init     stm32h7xx_hal_gpio.o
    0x08001684   0x08001684   0x0000000a   Code   RO         1674    i.HAL_GPIO_WritePin  stm32h7xx_hal_gpio.o
    0x0800168e   0x0800168e   0x00000002   PAD
    0x08001690   0x08001690   0x0000000c   Code   RO         2687    i.HAL_GetREVID      stm32h7xx_hal.o
    0x0800169c   0x0800169c   0x0000000c   Code   RO         2688    i.HAL_GetTick       stm32h7xx_hal.o
    0x080016a8   0x080016a8   0x00000056   Code   RO         3458    i.HAL_I2CEx_ConfigAnalogFilter  stm32h7xx_hal_i2c_ex.o
    0x080016fe   0x080016fe   0x00000052   Code   RO         3459    i.HAL_I2CEx_ConfigDigitalFilter  stm32h7xx_hal_i2c_ex.o
    0x08001750   0x08001750   0x000000b8   Code   RO         3012    i.HAL_I2C_Init      stm32h7xx_hal_i2c.o
    0x08001808   0x08001808   0x00000068   Code   RO          645    i.HAL_I2C_MspInit   stm32h7xx_hal_msp.o
    0x08001870   0x08001870   0x00000010   Code   RO         2694    i.HAL_IncTick       stm32h7xx_hal.o
    0x08001880   0x08001880   0x00000058   Code   RO         2695    i.HAL_Init          stm32h7xx_hal.o
    0x080018d8   0x080018d8   0x00000040   Code   RO         2696    i.HAL_InitTick      stm32h7xx_hal.o
    0x08001918   0x08001918   0x0000001c   Code   RO          646    i.HAL_MspInit       stm32h7xx_hal_msp.o
    0x08001934   0x08001934   0x0000001a   Code   RO         2530    i.HAL_NVIC_EnableIRQ  stm32h7xx_hal_cortex.o
    0x0800194e   0x0800194e   0x00000002   PAD
    0x08001950   0x08001950   0x00000040   Code   RO         2536    i.HAL_NVIC_SetPriority  stm32h7xx_hal_cortex.o
    0x08001990   0x08001990   0x00000024   Code   RO         2537    i.HAL_NVIC_SetPriorityGrouping  stm32h7xx_hal_cortex.o
    0x080019b4   0x080019b4   0x00000050   Code   RO         2271    i.HAL_PWREx_ConfigSupply  stm32h7xx_hal_pwr_ex.o
    0x08001a04   0x08001a04   0x0000002c   Code   RO         1307    i.HAL_RCCEx_GetD1SysClockFreq  stm32h7xx_hal_rcc_ex.o
    0x08001a30   0x08001a30   0x00000024   Code   RO         1308    i.HAL_RCCEx_GetD3PCLK1Freq  stm32h7xx_hal_rcc_ex.o
    0x08001a54   0x08001a54   0x0000013c   Code   RO         1309    i.HAL_RCCEx_GetPLL1ClockFreq  stm32h7xx_hal_rcc_ex.o
    0x08001b90   0x08001b90   0x0000013c   Code   RO         1310    i.HAL_RCCEx_GetPLL2ClockFreq  stm32h7xx_hal_rcc_ex.o
    0x08001ccc   0x08001ccc   0x0000013c   Code   RO         1311    i.HAL_RCCEx_GetPLL3ClockFreq  stm32h7xx_hal_rcc_ex.o
    0x08001e08   0x08001e08   0x00000198   Code   RO         1313    i.HAL_RCCEx_GetPeriphCLKFreq  stm32h7xx_hal_rcc_ex.o
    0x08001fa0   0x08001fa0   0x000008bc   Code   RO         1315    i.HAL_RCCEx_PeriphCLKConfig  stm32h7xx_hal_rcc_ex.o
    0x0800285c   0x0800285c   0x00000258   Code   RO         1194    i.HAL_RCC_ClockConfig  stm32h7xx_hal_rcc.o
    0x08002ab4   0x08002ab4   0x0000002c   Code   RO         1199    i.HAL_RCC_GetHCLKFreq  stm32h7xx_hal_rcc.o
    0x08002ae0   0x08002ae0   0x00000024   Code   RO         1201    i.HAL_RCC_GetPCLK1Freq  stm32h7xx_hal_rcc.o
    0x08002b04   0x08002b04   0x00000024   Code   RO         1202    i.HAL_RCC_GetPCLK2Freq  stm32h7xx_hal_rcc.o
    0x08002b28   0x08002b28   0x00000130   Code   RO         1203    i.HAL_RCC_GetSysClockFreq  stm32h7xx_hal_rcc.o
    0x08002c58   0x08002c58   0x00000498   Code   RO         1206    i.HAL_RCC_OscConfig  stm32h7xx_hal_rcc.o
    0x080030f0   0x080030f0   0x00000010   Code   RO         2700    i.HAL_SYSCFG_AnalogSwitchConfig  stm32h7xx_hal.o
    0x08003100   0x08003100   0x00000028   Code   RO         2541    i.HAL_SYSTICK_Config  stm32h7xx_hal_cortex.o
    0x08003128   0x08003128   0x00000002   Code   RO         4901    i.HAL_TIMEx_Break2Callback  stm32h7xx_hal_tim_ex.o
    0x0800312a   0x0800312a   0x00000002   Code   RO         4902    i.HAL_TIMEx_BreakCallback  stm32h7xx_hal_tim_ex.o
    0x0800312c   0x0800312c   0x00000002   Code   RO         4903    i.HAL_TIMEx_CommutCallback  stm32h7xx_hal_tim_ex.o
    0x0800312e   0x0800312e   0x00000002   PAD
    0x08003130   0x08003130   0x0000008c   Code   RO         4905    i.HAL_TIMEx_ConfigBreakDeadTime  stm32h7xx_hal_tim_ex.o
    0x080031bc   0x080031bc   0x00000060   Code   RO         4922    i.HAL_TIMEx_MasterConfigSynchronization  stm32h7xx_hal_tim_ex.o
    0x0800321c   0x0800321c   0x00000036   Code   RO         4204    i.HAL_TIM_Base_Init  stm32h7xx_hal_tim.o
    0x08003252   0x08003252   0x00000002   PAD
    0x08003254   0x08003254   0x00000138   Code   RO          648    i.HAL_TIM_Base_MspInit  stm32h7xx_hal_msp.o
    0x0800338c   0x0800338c   0x000000f8   Code   RO         4213    i.HAL_TIM_ConfigClockSource  stm32h7xx_hal_tim.o
    0x08003484   0x08003484   0x000002f0   Code   RO           11    i.HAL_TIM_IC_CaptureCallback  main.o
    0x08003774   0x08003774   0x0000011c   Code   RO         4237    i.HAL_TIM_IC_ConfigChannel  stm32h7xx_hal_tim.o
    0x08003890   0x08003890   0x00000036   Code   RO         4240    i.HAL_TIM_IC_Init   stm32h7xx_hal_tim.o
    0x080038c6   0x080038c6   0x00000002   Code   RO         4242    i.HAL_TIM_IC_MspInit  stm32h7xx_hal_tim.o
    0x080038c8   0x080038c8   0x00000060   Code   RO         4245    i.HAL_TIM_IC_Start_IT  stm32h7xx_hal_tim.o
    0x08003928   0x08003928   0x00000184   Code   RO         4249    i.HAL_TIM_IRQHandler  stm32h7xx_hal_tim.o
    0x08003aac   0x08003aac   0x000000ec   Code   RO          649    i.HAL_TIM_MspPostInit  stm32h7xx_hal_msp.o
    0x08003b98   0x08003b98   0x00000002   Code   RO         4252    i.HAL_TIM_OC_DelayElapsedCallback  stm32h7xx_hal_tim.o
    0x08003b9a   0x08003b9a   0x00000128   Code   RO         4273    i.HAL_TIM_PWM_ConfigChannel  stm32h7xx_hal_tim.o
    0x08003cc2   0x08003cc2   0x00000036   Code   RO         4276    i.HAL_TIM_PWM_Init  stm32h7xx_hal_tim.o
    0x08003cf8   0x08003cf8   0x00000002   Code   RO         4278    i.HAL_TIM_PWM_MspInit  stm32h7xx_hal_tim.o
    0x08003cfa   0x08003cfa   0x00000002   Code   RO         4279    i.HAL_TIM_PWM_PulseFinishedCallback  stm32h7xx_hal_tim.o
    0x08003cfc   0x08003cfc   0x0000006c   Code   RO         4281    i.HAL_TIM_PWM_Start  stm32h7xx_hal_tim.o
    0x08003d68   0x08003d68   0x00000002   Code   RO         4287    i.HAL_TIM_PeriodElapsedCallback  stm32h7xx_hal_tim.o
    0x08003d6a   0x08003d6a   0x0000002a   Code   RO         4289    i.HAL_TIM_ReadCapturedValue  stm32h7xx_hal_tim.o
    0x08003d94   0x08003d94   0x00000002   Code   RO         4292    i.HAL_TIM_TriggerCallback  stm32h7xx_hal_tim.o
    0x08003d96   0x08003d96   0x0000003e   Code   RO         5572    i.HAL_UARTEx_DisableFifoMode  stm32h7xx_hal_uart_ex.o
    0x08003dd4   0x08003dd4   0x00000002   Code   RO         5576    i.HAL_UARTEx_RxFifoFullCallback  stm32h7xx_hal_uart_ex.o
    0x08003dd6   0x08003dd6   0x0000004c   Code   RO         5577    i.HAL_UARTEx_SetRxFifoThreshold  stm32h7xx_hal_uart_ex.o
    0x08003e22   0x08003e22   0x0000004c   Code   RO         5578    i.HAL_UARTEx_SetTxFifoThreshold  stm32h7xx_hal_uart_ex.o
    0x08003e6e   0x08003e6e   0x00000002   Code   RO         5580    i.HAL_UARTEx_TxFifoEmptyCallback  stm32h7xx_hal_uart_ex.o
    0x08003e70   0x08003e70   0x00000002   Code   RO         5581    i.HAL_UARTEx_WakeupCallback  stm32h7xx_hal_uart_ex.o
    0x08003e72   0x08003e72   0x00000002   Code   RO         5200    i.HAL_UART_ErrorCallback  stm32h7xx_hal_uart.o
    0x08003e74   0x08003e74   0x0000000c   Code   RO         5202    i.HAL_UART_GetState  stm32h7xx_hal_uart.o
    0x08003e80   0x08003e80   0x000001c4   Code   RO         5203    i.HAL_UART_IRQHandler  stm32h7xx_hal_uart.o
    0x08004044   0x08004044   0x0000006a   Code   RO         5204    i.HAL_UART_Init     stm32h7xx_hal_uart.o
    0x080040ae   0x080040ae   0x00000002   PAD
    0x080040b0   0x080040b0   0x000000c8   Code   RO          651    i.HAL_UART_MspInit  stm32h7xx_hal_msp.o
    0x08004178   0x08004178   0x000000fc   Code   RO         5209    i.HAL_UART_Receive_IT  stm32h7xx_hal_uart.o
    0x08004274   0x08004274   0x000000f8   Code   RO           12    i.HAL_UART_RxCpltCallback  main.o
    0x0800436c   0x0800436c   0x000000bc   Code   RO         5213    i.HAL_UART_Transmit  stm32h7xx_hal_uart.o
    0x08004428   0x08004428   0x00000002   Code   RO         5216    i.HAL_UART_TxCpltCallback  stm32h7xx_hal_uart.o
    0x0800442a   0x0800442a   0x00000002   Code   RO          427    i.HardFault_Handler  stm32h7xx_it.o
    0x0800442c   0x0800442c   0x00000084   Code   RO           13    i.InitRobotPosion   main.o
    0x080044b0   0x080044b0   0x00000008   Code   RO          766    i.LL_ADC_INJ_IsConversionOngoing  stm32h7xx_hal_adc.o
    0x080044b8   0x080044b8   0x00000008   Code   RO          767    i.LL_ADC_IsEnabled  stm32h7xx_hal_adc.o
    0x080044c0   0x080044c0   0x00000008   Code   RO          768    i.LL_ADC_REG_IsConversionOngoing  stm32h7xx_hal_adc.o
    0x080044c8   0x080044c8   0x00000008   Code   RO          995    i.LL_ADC_REG_IsConversionOngoing  stm32h7xx_hal_adc_ex.o
    0x080044d0   0x080044d0   0x0000001e   Code   RO          771    i.LL_ADC_SetChannelSamplingTime  stm32h7xx_hal_adc.o
    0x080044ee   0x080044ee   0x00000002   PAD
    0x080044f0   0x080044f0   0x00000088   Code   RO           14    i.MX_ADC1_Init      main.o
    0x08004578   0x08004578   0x00000070   Code   RO           15    i.MX_ADC3_Init      main.o
    0x080045e8   0x080045e8   0x0000005c   Code   RO           16    i.MX_FDCAN1_Init    main.o
    0x08004644   0x08004644   0x0000009c   Code   RO           17    i.MX_GPIO_Init      main.o
    0x080046e0   0x080046e0   0x00000050   Code   RO           18    i.MX_I2C1_Init      main.o
    0x08004730   0x08004730   0x0000007c   Code   RO           19    i.MX_TIM12_Init     main.o
    0x080047ac   0x080047ac   0x000000d0   Code   RO           20    i.MX_TIM15_Init     main.o
    0x0800487c   0x0800487c   0x000000f4   Code   RO           21    i.MX_TIM1_Init      main.o
    0x08004970   0x08004970   0x000000bc   Code   RO           22    i.MX_TIM3_Init      main.o
    0x08004a2c   0x08004a2c   0x000000d8   Code   RO           23    i.MX_TIM4_Init      main.o
    0x08004b04   0x08004b04   0x000000bc   Code   RO           24    i.MX_TIM8_Init      main.o
    0x08004bc0   0x08004bc0   0x00000068   Code   RO           25    i.MX_UART4_Init     main.o
    0x08004c28   0x08004c28   0x00000068   Code   RO           26    i.MX_USART3_UART_Init  main.o
    0x08004c90   0x08004c90   0x00000002   Code   RO          428    i.MemManage_Handler  stm32h7xx_it.o
    0x08004c92   0x08004c92   0x00000002   Code   RO          429    i.NMI_Handler       stm32h7xx_it.o
    0x08004c94   0x08004c94   0x00000002   Code   RO          430    i.PendSV_Handler    stm32h7xx_it.o
    0x08004c96   0x08004c96   0x00000002   PAD
    0x08004c98   0x08004c98   0x00000114   Code   RO         1318    i.RCCEx_PLL2_Config  stm32h7xx_hal_rcc_ex.o
    0x08004dac   0x08004dac   0x00000114   Code   RO         1319    i.RCCEx_PLL3_Config  stm32h7xx_hal_rcc_ex.o
    0x08004ec0   0x08004ec0   0x000000e0   Code   RO           32    i.Robot_Run_Left    main.o
    0x08004fa0   0x08004fa0   0x000000dc   Code   RO           33    i.Robot_Run_Line    main.o
    0x0800507c   0x0800507c   0x000000e0   Code   RO           34    i.Robot_Run_Right   main.o
    0x0800515c   0x0800515c   0x00000002   Code   RO          431    i.SVC_Handler       stm32h7xx_it.o
    0x0800515e   0x0800515e   0x00000002   PAD
    0x08005160   0x08005160   0x000000a4   Code   RO           35    i.Set_All_PWM_Pulse  main.o
    0x08005204   0x08005204   0x0000007c   Code   RO           36    i.StartAngleInit    main.o
    0x08005280   0x08005280   0x00000004   Code   RO          432    i.SysTick_Handler   stm32h7xx_it.o
    0x08005284   0x08005284   0x000000e8   Code   RO           37    i.SystemClock_Config  main.o
    0x0800536c   0x0800536c   0x00000084   Code   RO         5666    i.SystemInit        system_stm32h7xx.o
    0x080053f0   0x080053f0   0x0000000c   Code   RO          433    i.TIM4_IRQHandler   stm32h7xx_it.o
    0x080053fc   0x080053fc   0x0000000c   Code   RO          434    i.TIM8_CC_IRQHandler  stm32h7xx_it.o
    0x08005408   0x08005408   0x000000c0   Code   RO         4294    i.TIM_Base_SetConfig  stm32h7xx_hal_tim.o
    0x080054c8   0x080054c8   0x0000001a   Code   RO         4295    i.TIM_CCxChannelCmd  stm32h7xx_hal_tim.o
    0x080054e2   0x080054e2   0x00000014   Code   RO         4305    i.TIM_ETR_SetConfig  stm32h7xx_hal_tim.o
    0x080054f6   0x080054f6   0x00000002   PAD
    0x080054f8   0x080054f8   0x00000014   Code   RO         4306    i.TIM_ITRx_SetConfig  stm32h7xx_hal_tim.o
    0x0800550c   0x0800550c   0x0000009c   Code   RO         4307    i.TIM_OC1_SetConfig  stm32h7xx_hal_tim.o
    0x080055a8   0x080055a8   0x00000090   Code   RO         4308    i.TIM_OC2_SetConfig  stm32h7xx_hal_tim.o
    0x08005638   0x08005638   0x00000088   Code   RO         4309    i.TIM_OC3_SetConfig  stm32h7xx_hal_tim.o
    0x080056c0   0x080056c0   0x0000006c   Code   RO         4310    i.TIM_OC4_SetConfig  stm32h7xx_hal_tim.o
    0x0800572c   0x0800572c   0x0000006c   Code   RO         4311    i.TIM_OC5_SetConfig  stm32h7xx_hal_tim.o
    0x08005798   0x08005798   0x0000006c   Code   RO         4312    i.TIM_OC6_SetConfig  stm32h7xx_hal_tim.o
    0x08005804   0x08005804   0x00000022   Code   RO         4314    i.TIM_TI1_ConfigInputStage  stm32h7xx_hal_tim.o
    0x08005826   0x08005826   0x00000002   PAD
    0x08005828   0x08005828   0x00000080   Code   RO         4315    i.TIM_TI1_SetConfig  stm32h7xx_hal_tim.o
    0x080058a8   0x080058a8   0x00000024   Code   RO         4316    i.TIM_TI2_ConfigInputStage  stm32h7xx_hal_tim.o
    0x080058cc   0x080058cc   0x00000036   Code   RO         4317    i.TIM_TI2_SetConfig  stm32h7xx_hal_tim.o
    0x08005902   0x08005902   0x00000002   PAD
    0x08005904   0x08005904   0x0000004c   Code   RO          435    i.UART4_IRQHandler  stm32h7xx_it.o
    0x08005950   0x08005950   0x00000064   Code   RO         5582    i.UARTEx_SetNbDataToProcess  stm32h7xx_hal_uart_ex.o
    0x080059b4   0x080059b4   0x000000c8   Code   RO         5218    i.UART_AdvFeatureConfig  stm32h7xx_hal_uart.o
    0x08005a7c   0x08005a7c   0x0000005e   Code   RO         5219    i.UART_CheckIdleState  stm32h7xx_hal_uart.o
    0x08005ada   0x08005ada   0x00000014   Code   RO         5220    i.UART_DMAAbortOnError  stm32h7xx_hal_uart.o
    0x08005aee   0x08005aee   0x00000002   PAD
    0x08005af0   0x08005af0   0x00000024   Code   RO         5230    i.UART_EndRxTransfer  stm32h7xx_hal_uart.o
    0x08005b14   0x08005b14   0x0000005e   Code   RO         5232    i.UART_RxISR_16BIT  stm32h7xx_hal_uart.o
    0x08005b72   0x08005b72   0x00000002   PAD
    0x08005b74   0x08005b74   0x000000a0   Code   RO         5233    i.UART_RxISR_16BIT_FIFOEN  stm32h7xx_hal_uart.o
    0x08005c14   0x08005c14   0x0000005e   Code   RO         5234    i.UART_RxISR_8BIT   stm32h7xx_hal_uart.o
    0x08005c72   0x08005c72   0x00000002   PAD
    0x08005c74   0x08005c74   0x000000a0   Code   RO         5235    i.UART_RxISR_8BIT_FIFOEN  stm32h7xx_hal_uart.o
    0x08005d14   0x08005d14   0x00000a68   Code   RO         5236    i.UART_SetConfig    stm32h7xx_hal_uart.o
    0x0800677c   0x0800677c   0x000000a0   Code   RO         5241    i.UART_WaitOnFlagUntilTimeout  stm32h7xx_hal_uart.o
    0x0800681c   0x0800681c   0x0000004c   Code   RO          436    i.USART3_IRQHandler  stm32h7xx_it.o
    0x08006868   0x08006868   0x00000002   Code   RO          437    i.UsageFault_Handler  stm32h7xx_it.o
    0x0800686a   0x0800686a   0x0000002a   Code   RO           38    i.User_PWM_SetPulse  main.o
    0x08006894   0x08006894   0x00000036   Code   RO           39    i.User_PWM_SetValue  main.o
    0x080068ca   0x080068ca   0x00000030   Code   RO         5789    i.__ARM_fpclassify  m_wv.l(fpclassify.o)
    0x080068fa   0x080068fa   0x00000020   Code   RO         2543    i.__NVIC_SetPriority  stm32h7xx_hal_cortex.o
    0x0800691a   0x0800691a   0x00000006   PAD
    0x08006920   0x08006920   0x00000208   Code   RO         5706    i.__hardfp_asin     m_wv.l(asin.o)
    0x08006b28   0x08006b28   0x00000200   Code   RO         5755    i.__hardfp_atan     m_wv.l(atan.o)
    0x08006d28   0x08006d28   0x000001c0   Code   RO         5720    i.__hardfp_atan2    m_wv.l(atan2.o)
    0x08006ee8   0x08006ee8   0x00000066   Code   RO         5732    i.__hardfp_sqrt     m_wv.l(sqrt.o)
    0x08006f4e   0x08006f4e   0x00000070   Code   RO         5791    i.__kernel_poly     m_wv.l(poly.o)
    0x08006fbe   0x08006fbe   0x00000006   Code   RO         5770    i.__mathlib_dbl_infnan  m_wv.l(dunder.o)
    0x08006fc4   0x08006fc4   0x00000006   Code   RO         5771    i.__mathlib_dbl_infnan2  m_wv.l(dunder.o)
    0x08006fca   0x08006fca   0x00000006   PAD
    0x08006fd0   0x08006fd0   0x00000018   Code   RO         5772    i.__mathlib_dbl_invalid  m_wv.l(dunder.o)
    0x08006fe8   0x08006fe8   0x00000018   Code   RO         5775    i.__mathlib_dbl_underflow  m_wv.l(dunder.o)
    0x08007000   0x08007000   0x0000000e   Code   RO         5824    i.__scatterload_copy  mc_w.l(handlers.o)
    0x0800700e   0x0800700e   0x00000002   Code   RO         5825    i.__scatterload_null  mc_w.l(handlers.o)
    0x08007010   0x08007010   0x0000000e   Code   RO         5826    i.__scatterload_zeroinit  mc_w.l(handlers.o)
    0x0800701e   0x0800701e   0x00000002   PAD
    0x08007020   0x08007020   0x0000000c   Code   RO         5814    i.__set_errno       mc_w.l(errno.o)
    0x0800702c   0x0800702c   0x00000010   Code   RO         5757    i.atan              m_wv.l(atan.o)
    0x0800703c   0x0800703c   0x00000018   Code   RO         5785    i.fabs              m_wv.l(fabs.o)
    0x08007054   0x08007054   0x00000164   Code   RO           40    i.main              main.o
    0x080071b8   0x080071b8   0x0000098c   Code   RO           41    i.reverse           main.o
    0x08007b44   0x08007b44   0x00000458   Code   RO           42    i.reverse4          main.o
    0x08007f9c   0x08007f9c   0x00000674   Code   RO           43    i.reverse4L         main.o
    0x08008610   0x08008610   0x00000674   Code   RO           44    i.reverse4R         main.o
    0x08008c84   0x08008c84   0x0000005c   Code   RO           45    i.setcurrentposition  main.o
    0x08008ce0   0x08008ce0   0x0000006a   Code   RO         5734    i.sqrt              m_wv.l(sqrt.o)
    0x08008d4a   0x08008d4a   0x00000002   PAD
    0x08008d4c   0x08008d4c   0x0000005c   Data   RO         3684    .constdata          stm32h7xx_hal_fdcan.o
    0x08008da8   0x08008da8   0x00000010   Data   RO         5667    .constdata          system_stm32h7xx.o
    0x08008db8   0x08008db8   0x00000050   Data   RO         5709    .constdata          m_wv.l(asin.o)
    0x08008e08   0x08008e08   0x00000098   Data   RO         5758    .constdata          m_wv.l(atan.o)
    0x08008ea0   0x08008ea0   0x00000008   Data   RO         5793    .constdata          m_wv.l(qnan.o)
    0x08008ea8   0x08008ea8   0x00000020   Data   RO         5822    Region$$Table       anon$$obj.o


    Execution Region RW_IRAM1 (Exec base: 0x20000000, Load base: 0x08008ec8, Size: 0x00000aa0, Max: 0x00020000, ABSOLUTE)

    Exec Addr    Load Addr    Size         Type   Attr      Idx    E Section Name        Object

    0x20000000   0x08008ec8   0x000000e0   Data   RW           51    .data               main.o
    0x200000e0   0x08008fa8   0x0000000c   Data   RW         2717    .data               stm32h7xx_hal.o
    0x200000ec   0x08008fb4   0x00000004   Data   RW         5668    .data               system_stm32h7xx.o
    0x200000f0   0x08008fb8   0x00000004   Data   RW         5669    .data               system_stm32h7xx.o
    0x200000f4   0x08008fbc   0x00000004   Data   RW         5815    .data               mc_w.l(errno.o)
    0x200000f8        -       0x000005a8   Zero   RW           46    .bss                main.o
    0x200006a0        -       0x00000400   Zero   RW          727    STACK               startup_stm32h743xx.o


==============================================================================

Image component sizes


      Code (inc. data)   RO Data    RW Data    ZI Data      Debug   Object Name

     12044        616          0        224       1448    1395803   main.o
        36          8        664          0       1024        792   startup_stm32h743xx.o
       244         46          0         12          0      23452   stm32h7xx_hal.o
      1862        154          0          0          0      67408   stm32h7xx_hal_adc.o
       288         22          0          0          0      61579   stm32h7xx_hal_adc_ex.o
       198         14          0          0          0      38839   stm32h7xx_hal_cortex.o
       452          8          0          0          0       2211   stm32h7xx_hal_dma.o
      1028         18         92          0          0       4457   stm32h7xx_hal_fdcan.o
       498         48          0          0          0       2588   stm32h7xx_hal_gpio.o
       184          6          0          0          0       2803   stm32h7xx_hal_i2c.o
       168          0          0          0          0       1887   stm32h7xx_hal_i2c_ex.o
      1192        144          0          0          0       5978   stm32h7xx_hal_msp.o
        80          6          0          0          0        797   stm32h7xx_hal_pwr_ex.o
      2196        120          0          0          0       6824   stm32h7xx_hal_rcc.o
      4224        196          0          0          0      10565   stm32h7xx_hal_rcc_ex.o
      2906        240          0          0          0      23765   stm32h7xx_hal_tim.o
       242         16          0          0          0       4028   stm32h7xx_hal_tim_ex.o
      4696        174          0          0          0      16720   stm32h7xx_hal_uart.o
       320         18          0          0          0       5362   stm32h7xx_hal_uart_ex.o
       196         40          0          0          0    1339588   stm32h7xx_it.o
       132         16         16          8          0       1182   system_stm32h7xx.o

    ----------------------------------------------------------------------
     33220       1910        804        244       2472    3016628   Object Totals
         0          0         32          0          0          0   (incl. Generated)
        34          0          0          0          0          0   (incl. Padding)

    ----------------------------------------------------------------------

      Code (inc. data)   RO Data    RW Data    ZI Data      Debug   Library Member Name

       520         88         80          0          0        252   asin.o
       528        110        152          0          0        348   atan.o
       448         68          0          0          0        180   atan2.o
        60         28          0          0          0        464   dunder.o
        24          0          0          0          0        124   fabs.o
        48          0          0          0          0        124   fpclassify.o
       112          0          0          0          0        116   poly.o
         0          0          8          0          0          0   qnan.o
       208          0          0          0          0        280   sqrt.o
         0          0          0          0          0          0   entry.o
         0          0          0          0          0          0   entry10a.o
         0          0          0          0          0          0   entry11a.o
         8          4          0          0          0          0   entry2.o
         4          0          0          0          0          0   entry5.o
         0          0          0          0          0          0   entry7b.o
         0          0          0          0          0          0   entry8b.o
         8          4          0          0          0          0   entry9a.o
        12          6          0          4          0         68   errno.o
        30          0          0          0          0          0   handlers.o
        36          8          0          0          0         68   init.o
         0          0          0          0          0          0   iusefp.o
        30          0          0          0          0         68   llshl.o
        32          0          0          0          0         68   llushr.o
        36          0          0          0          0         68   memcpya.o
        36          0          0          0          0        108   memseta.o
        98          0          0          0          0         92   uldiv.o

    ----------------------------------------------------------------------
      2288        316        240          4          0       2428   Library Totals
        10          0          0          0          0          0   (incl. Padding)

    ----------------------------------------------------------------------

      Code (inc. data)   RO Data    RW Data    ZI Data      Debug   Library Name

      1948        294        240          0          0       1888   m_wv.l
       330         22          0          4          0        540   mc_w.l

    ----------------------------------------------------------------------
      2288        316        240          4          0       2428   Library Totals

    ----------------------------------------------------------------------

==============================================================================


      Code (inc. data)   RO Data    RW Data    ZI Data      Debug   

     35508       2226       1044        248       2472    3003304   Grand Totals
     35508       2226       1044        248       2472    3003304   ELF Image Totals
     35508       2226       1044        248          0          0   ROM Totals

==============================================================================

    Total RO  Size (Code + RO Data)                36552 (  35.70kB)
    Total RW  Size (RW Data + ZI Data)              2720 (   2.66kB)
    Total ROM Size (Code + RO Data + RW Data)      36800 (  35.94kB)

==============================================================================

